<?xml version="1.0" encoding="UTF-8"?>
<testsuites tests="318" failures="5" disabled="0" errors="0" time="9.606" timestamp="2025-07-29T18:09:03.440" name="AllTests">
  <testsuite name="PluginManagerTest" tests="4" failures="0" disabled="0" skipped="0" errors="0" time="0." timestamp="2025-07-29T18:09:03.440">
    <testcase name="InitializeSuccessfully" file="/Users/brianglendenning/SoftwareProjects/CNC_Chip_Carving/fusion_plugin_cpp/tests/core/test_PluginManager.cpp" line="40" status="run" result="completed" time="0." timestamp="2025-07-29T18:09:03.440" classname="PluginManagerTest" />
    <testcase name="ExecuteNonImportCommandsReturnTrue" file="/Users/brianglendenning/SoftwareProjects/CNC_Chip_Carving/fusion_plugin_cpp/tests/core/test_PluginManager.cpp" line="50" status="run" result="completed" time="0." timestamp="2025-07-29T18:09:03.441" classname="PluginManagerTest" />
    <testcase name="ShutdownCleansUp" file="/Users/brianglendenning/SoftwareProjects/CNC_Chip_Carving/fusion_plugin_cpp/tests/core/test_PluginManager.cpp" line="57" status="run" result="completed" time="0." timestamp="2025-07-29T18:09:03.441" classname="PluginManagerTest" />
    <testcase name="ClearanceCircleCountMatchesMedialAxis" file="/Users/brianglendenning/SoftwareProjects/CNC_Chip_Carving/fusion_plugin_cpp/tests/core/test_PluginManager.cpp" line="71" status="run" result="completed" time="0." timestamp="2025-07-29T18:09:03.441" classname="PluginManagerTest" />
  </testsuite>
  <testsuite name="MockAdaptersTest" tests="5" failures="0" disabled="0" skipped="0" errors="0" time="0." timestamp="2025-07-29T18:09:03.441">
    <testcase name="MockLoggerCapturesMessages" file="/Users/brianglendenning/SoftwareProjects/CNC_Chip_Carving/fusion_plugin_cpp/tests/adapters/test_MockAdapters.cpp" line="11" status="run" result="completed" time="0." timestamp="2025-07-29T18:09:03.441" classname="MockAdaptersTest" />
    <testcase name="MockUITracksMessageBoxCalls" file="/Users/brianglendenning/SoftwareProjects/CNC_Chip_Carving/fusion_plugin_cpp/tests/adapters/test_MockAdapters.cpp" line="23" status="run" result="completed" time="0." timestamp="2025-07-29T18:09:03.441" classname="MockAdaptersTest" />
    <testcase name="MockWorkspaceTracksSketchOperations" file="/Users/brianglendenning/SoftwareProjects/CNC_Chip_Carving/fusion_plugin_cpp/tests/adapters/test_MockAdapters.cpp" line="33" status="run" result="completed" time="0." timestamp="2025-07-29T18:09:03.441" classname="MockAdaptersTest" />
    <testcase name="MockFactoryCreatesValidObjects" file="/Users/brianglendenning/SoftwareProjects/CNC_Chip_Carving/fusion_plugin_cpp/tests/adapters/test_MockAdapters.cpp" line="52" status="run" result="completed" time="0." timestamp="2025-07-29T18:09:03.441" classname="MockAdaptersTest" />
    <testcase name="MockSketchGetSketchCurveEntityIds" file="/Users/brianglendenning/SoftwareProjects/CNC_Chip_Carving/fusion_plugin_cpp/tests/adapters/test_MockAdapters.cpp" line="64" status="run" result="completed" time="0." timestamp="2025-07-29T18:09:03.441" classname="MockAdaptersTest" />
  </testsuite>
  <testsuite name="SketchArcDrawingTest" tests="9" failures="0" disabled="0" skipped="0" errors="0" time="0." timestamp="2025-07-29T18:09:03.441">
    <testcase name="PointStorageAndRetrievalWorks" file="/Users/brianglendenning/SoftwareProjects/CNC_Chip_Carving/fusion_plugin_cpp/tests/adapters/test_SketchArcDrawing.cpp" line="40" status="run" result="completed" time="0." timestamp="2025-07-29T18:09:03.441" classname="SketchArcDrawingTest" />
    <testcase name="PointCreationFailureReturnsNegativeOne" file="/Users/brianglendenning/SoftwareProjects/CNC_Chip_Carving/fusion_plugin_cpp/tests/adapters/test_SketchArcDrawing.cpp" line="63" status="run" result="completed" time="0." timestamp="2025-07-29T18:09:03.441" classname="SketchArcDrawingTest" />
    <testcase name="ArcByThreePointsWithValidIndices" file="/Users/brianglendenning/SoftwareProjects/CNC_Chip_Carving/fusion_plugin_cpp/tests/adapters/test_SketchArcDrawing.cpp" line="73" status="run" result="completed" time="0." timestamp="2025-07-29T18:09:03.441" classname="SketchArcDrawingTest" />
    <testcase name="ArcCreationFailsWithInvalidIndices" file="/Users/brianglendenning/SoftwareProjects/CNC_Chip_Carving/fusion_plugin_cpp/tests/adapters/test_SketchArcDrawing.cpp" line="94" status="run" result="completed" time="0." timestamp="2025-07-29T18:09:03.441" classname="SketchArcDrawingTest" />
    <testcase name="TriArcDrawsCorrectNumberOfPointsAndArcs" file="/Users/brianglendenning/SoftwareProjects/CNC_Chip_Carving/fusion_plugin_cpp/tests/adapters/test_SketchArcDrawing.cpp" line="109" status="run" result="completed" time="0." timestamp="2025-07-29T18:09:03.441" classname="SketchArcDrawingTest" />
    <testcase name="TriArcWithMixedStraightAndCurvedEdges" file="/Users/brianglendenning/SoftwareProjects/CNC_Chip_Carving/fusion_plugin_cpp/tests/adapters/test_SketchArcDrawing.cpp" line="139" status="run" result="completed" time="0." timestamp="2025-07-29T18:09:03.441" classname="SketchArcDrawingTest" />
    <testcase name="TriArcHandlesPointCreationFailure" file="/Users/brianglendenning/SoftwareProjects/CNC_Chip_Carving/fusion_plugin_cpp/tests/adapters/test_SketchArcDrawing.cpp" line="164" status="run" result="completed" time="0." timestamp="2025-07-29T18:09:03.441" classname="SketchArcDrawingTest" />
    <testcase name="TriArcHandlesArcCreationFailure" file="/Users/brianglendenning/SoftwareProjects/CNC_Chip_Carving/fusion_plugin_cpp/tests/adapters/test_SketchArcDrawing.cpp" line="187" status="run" result="completed" time="0." timestamp="2025-07-29T18:09:03.441" classname="SketchArcDrawingTest" />
    <testcase name="REGRESSION_ArcDrawingIntegration" file="/Users/brianglendenning/SoftwareProjects/CNC_Chip_Carving/fusion_plugin_cpp/tests/adapters/test_SketchArcDrawing.cpp" line="219" status="run" result="completed" time="0." timestamp="2025-07-29T18:09:03.441" classname="SketchArcDrawingTest" />
  </testsuite>
  <testsuite name="Point2DTest" tests="8" failures="0" disabled="0" skipped="0" errors="0" time="0." timestamp="2025-07-29T18:09:03.441">
    <testcase name="Construction" file="/Users/brianglendenning/SoftwareProjects/CNC_Chip_Carving/fusion_plugin_cpp/tests/geometry/test_Point2D.cpp" line="27" status="run" result="completed" time="0." timestamp="2025-07-29T18:09:03.441" classname="Point2DTest" />
    <testcase name="BasicOperators" file="/Users/brianglendenning/SoftwareProjects/CNC_Chip_Carving/fusion_plugin_cpp/tests/geometry/test_Point2D.cpp" line="37" status="run" result="completed" time="0." timestamp="2025-07-29T18:09:03.441" classname="Point2DTest" />
    <testcase name="Equality" file="/Users/brianglendenning/SoftwareProjects/CNC_Chip_Carving/fusion_plugin_cpp/tests/geometry/test_Point2D.cpp" line="51" status="run" result="completed" time="0." timestamp="2025-07-29T18:09:03.441" classname="Point2DTest" />
    <testcase name="Distance" file="/Users/brianglendenning/SoftwareProjects/CNC_Chip_Carving/fusion_plugin_cpp/tests/geometry/test_Point2D.cpp" line="62" status="run" result="completed" time="0." timestamp="2025-07-29T18:09:03.441" classname="Point2DTest" />
    <testcase name="Midpoint" file="/Users/brianglendenning/SoftwareProjects/CNC_Chip_Carving/fusion_plugin_cpp/tests/geometry/test_Point2D.cpp" line="73" status="run" result="completed" time="0." timestamp="2025-07-29T18:09:03.441" classname="Point2DTest" />
    <testcase name="Perpendicular" file="/Users/brianglendenning/SoftwareProjects/CNC_Chip_Carving/fusion_plugin_cpp/tests/geometry/test_Point2D.cpp" line="83" status="run" result="completed" time="0." timestamp="2025-07-29T18:09:03.441" classname="Point2DTest" />
    <testcase name="PerpendicularDegenerate" file="/Users/brianglendenning/SoftwareProjects/CNC_Chip_Carving/fusion_plugin_cpp/tests/geometry/test_Point2D.cpp" line="106" status="run" result="completed" time="0." timestamp="2025-07-29T18:09:03.441" classname="Point2DTest" />
    <testcase name="RotatePoint" file="/Users/brianglendenning/SoftwareProjects/CNC_Chip_Carving/fusion_plugin_cpp/tests/geometry/test_Point2D.cpp" line="113" status="run" result="completed" time="0." timestamp="2025-07-29T18:09:03.441" classname="Point2DTest" />
  </testsuite>
  <testsuite name="LeafTest" tests="13" failures="0" disabled="0" skipped="0" errors="0" time="0." timestamp="2025-07-29T18:09:03.441">
    <testcase name="Construction" file="/Users/brianglendenning/SoftwareProjects/CNC_Chip_Carving/fusion_plugin_cpp/tests/geometry/test_Leaf.cpp" line="38" status="run" result="completed" time="0." timestamp="2025-07-29T18:09:03.441" classname="LeafTest" />
    <testcase name="DefaultRadiusCalculation" file="/Users/brianglendenning/SoftwareProjects/CNC_Chip_Carving/fusion_plugin_cpp/tests/geometry/test_Leaf.cpp" line="48" status="run" result="completed" time="0." timestamp="2025-07-29T18:09:03.441" classname="LeafTest" />
    <testcase name="ValidGeometry" file="/Users/brianglendenning/SoftwareProjects/CNC_Chip_Carving/fusion_plugin_cpp/tests/geometry/test_Leaf.cpp" line="57" status="run" result="completed" time="0." timestamp="2025-07-29T18:09:03.441" classname="LeafTest" />
    <testcase name="SagittaCalculation" file="/Users/brianglendenning/SoftwareProjects/CNC_Chip_Carving/fusion_plugin_cpp/tests/geometry/test_Leaf.cpp" line="71" status="run" result="completed" time="0." timestamp="2025-07-29T18:09:03.441" classname="LeafTest" />
    <testcase name="ArcCenters" file="/Users/brianglendenning/SoftwareProjects/CNC_Chip_Carving/fusion_plugin_cpp/tests/geometry/test_Leaf.cpp" line="85" status="run" result="completed" time="0." timestamp="2025-07-29T18:09:03.441" classname="LeafTest" />
    <testcase name="ArcParameters" file="/Users/brianglendenning/SoftwareProjects/CNC_Chip_Carving/fusion_plugin_cpp/tests/geometry/test_Leaf.cpp" line="102" status="run" result="completed" time="0." timestamp="2025-07-29T18:09:03.441" classname="LeafTest" />
    <testcase name="Vertices" file="/Users/brianglendenning/SoftwareProjects/CNC_Chip_Carving/fusion_plugin_cpp/tests/geometry/test_Leaf.cpp" line="127" status="run" result="completed" time="0." timestamp="2025-07-29T18:09:03.441" classname="LeafTest" />
    <testcase name="Centroid" file="/Users/brianglendenning/SoftwareProjects/CNC_Chip_Carving/fusion_plugin_cpp/tests/geometry/test_Leaf.cpp" line="134" status="run" result="completed" time="0." timestamp="2025-07-29T18:09:03.441" classname="LeafTest" />
    <testcase name="Contains" file="/Users/brianglendenning/SoftwareProjects/CNC_Chip_Carving/fusion_plugin_cpp/tests/geometry/test_Leaf.cpp" line="140" status="run" result="completed" time="0." timestamp="2025-07-29T18:09:03.441" classname="LeafTest" />
    <testcase name="BoundingBox" file="/Users/brianglendenning/SoftwareProjects/CNC_Chip_Carving/fusion_plugin_cpp/tests/geometry/test_Leaf.cpp" line="158" status="run" result="completed" time="0." timestamp="2025-07-29T18:09:03.441" classname="LeafTest" />
    <testcase name="InvalidGeometryHandling" file="/Users/brianglendenning/SoftwareProjects/CNC_Chip_Carving/fusion_plugin_cpp/tests/geometry/test_Leaf.cpp" line="173" status="run" result="completed" time="0." timestamp="2025-07-29T18:09:03.441" classname="LeafTest" />
    <testcase name="VerticalOrientation" file="/Users/brianglendenning/SoftwareProjects/CNC_Chip_Carving/fusion_plugin_cpp/tests/geometry/test_Leaf.cpp" line="186" status="run" result="completed" time="0." timestamp="2025-07-29T18:09:03.441" classname="LeafTest" />
    <testcase name="DiagonalOrientation" file="/Users/brianglendenning/SoftwareProjects/CNC_Chip_Carving/fusion_plugin_cpp/tests/geometry/test_Leaf.cpp" line="200" status="run" result="completed" time="0." timestamp="2025-07-29T18:09:03.441" classname="LeafTest" />
  </testsuite>
  <testsuite name="LeafVisualTest" tests="10" failures="0" disabled="0" skipped="0" errors="0" time="0.001" timestamp="2025-07-29T18:09:03.441">
    <testcase name="DefaultLeaf" file="/Users/brianglendenning/SoftwareProjects/CNC_Chip_Carving/fusion_plugin_cpp/tests/geometry/test_LeafVisual.cpp" line="65" status="run" result="completed" time="0." timestamp="2025-07-29T18:09:03.441" classname="LeafVisualTest" />
    <testcase name="NearlyRoundLeaf" file="/Users/brianglendenning/SoftwareProjects/CNC_Chip_Carving/fusion_plugin_cpp/tests/geometry/test_LeafVisual.cpp" line="78" status="run" result="completed" time="0." timestamp="2025-07-29T18:09:03.441" classname="LeafVisualTest" />
    <testcase name="NearlyFlatLeaf" file="/Users/brianglendenning/SoftwareProjects/CNC_Chip_Carving/fusion_plugin_cpp/tests/geometry/test_LeafVisual.cpp" line="90" status="run" result="completed" time="0." timestamp="2025-07-29T18:09:03.441" classname="LeafVisualTest" />
    <testcase name="VerticalLeaf" file="/Users/brianglendenning/SoftwareProjects/CNC_Chip_Carving/fusion_plugin_cpp/tests/geometry/test_LeafVisual.cpp" line="102" status="run" result="completed" time="0." timestamp="2025-07-29T18:09:03.441" classname="LeafVisualTest" />
    <testcase name="DiagonalLeaf" file="/Users/brianglendenning/SoftwareProjects/CNC_Chip_Carving/fusion_plugin_cpp/tests/geometry/test_LeafVisual.cpp" line="113" status="run" result="completed" time="0." timestamp="2025-07-29T18:09:03.442" classname="LeafVisualTest" />
    <testcase name="PointUpTriangleLeaf" file="/Users/brianglendenning/SoftwareProjects/CNC_Chip_Carving/fusion_plugin_cpp/tests/geometry/test_LeafVisual.cpp" line="124" status="run" result="completed" time="0." timestamp="2025-07-29T18:09:03.442" classname="LeafVisualTest" />
    <testcase name="BaseUpTriangleLeaf" file="/Users/brianglendenning/SoftwareProjects/CNC_Chip_Carving/fusion_plugin_cpp/tests/geometry/test_LeafVisual.cpp" line="135" status="run" result="completed" time="0." timestamp="2025-07-29T18:09:03.442" classname="LeafVisualTest" />
    <testcase name="InvalidGeometry" file="/Users/brianglendenning/SoftwareProjects/CNC_Chip_Carving/fusion_plugin_cpp/tests/geometry/test_LeafVisual.cpp" line="146" status="run" result="completed" time="0." timestamp="2025-07-29T18:09:03.442" classname="LeafVisualTest" />
    <testcase name="EdgeCaseMinimumRadius" file="/Users/brianglendenning/SoftwareProjects/CNC_Chip_Carving/fusion_plugin_cpp/tests/geometry/test_LeafVisual.cpp" line="157" status="run" result="completed" time="0." timestamp="2025-07-29T18:09:03.442" classname="LeafVisualTest" />
    <testcase name="ComparisonSheet" file="/Users/brianglendenning/SoftwareProjects/CNC_Chip_Carving/fusion_plugin_cpp/tests/geometry/test_LeafVisual.cpp" line="170" status="run" result="completed" time="0." timestamp="2025-07-29T18:09:03.442" classname="LeafVisualTest" />
  </testsuite>
  <testsuite name="TriArcTest" tests="19" failures="1" disabled="0" skipped="0" errors="0" time="0." timestamp="2025-07-29T18:09:03.443">
    <testcase name="Construction" file="/Users/brianglendenning/SoftwareProjects/CNC_Chip_Carving/fusion_plugin_cpp/tests/geometry/test_TriArc.cpp" line="40" status="run" result="completed" time="0." timestamp="2025-07-29T18:09:03.443" classname="TriArcTest" />
    <testcase name="DefaultBulgeFactors" file="/Users/brianglendenning/SoftwareProjects/CNC_Chip_Carving/fusion_plugin_cpp/tests/geometry/test_TriArc.cpp" line="57" status="run" result="completed" time="0." timestamp="2025-07-29T18:09:03.443" classname="TriArcTest" />
    <testcase name="PositiveBulgeConversion" file="/Users/brianglendenning/SoftwareProjects/CNC_Chip_Carving/fusion_plugin_cpp/tests/geometry/test_TriArc.cpp" line="66" status="run" result="completed" time="0." timestamp="2025-07-29T18:09:03.443" classname="TriArcTest" />
    <testcase name="BulgeFactorClamping" file="/Users/brianglendenning/SoftwareProjects/CNC_Chip_Carving/fusion_plugin_cpp/tests/geometry/test_TriArc.cpp" line="80" status="run" result="completed" time="0." timestamp="2025-07-29T18:09:03.443" classname="TriArcTest" />
    <testcase name="Vertices" file="/Users/brianglendenning/SoftwareProjects/CNC_Chip_Carving/fusion_plugin_cpp/tests/geometry/test_TriArc.cpp" line="94" status="run" result="completed" time="0." timestamp="2025-07-29T18:09:03.443" classname="TriArcTest" />
    <testcase name="Center" file="/Users/brianglendenning/SoftwareProjects/CNC_Chip_Carving/fusion_plugin_cpp/tests/geometry/test_TriArc.cpp" line="102" status="run" result="completed" time="0." timestamp="2025-07-29T18:09:03.443" classname="TriArcTest" />
    <testcase name="ChordLengths" file="/Users/brianglendenning/SoftwareProjects/CNC_Chip_Carving/fusion_plugin_cpp/tests/geometry/test_TriArc.cpp" line="110" status="run" result="completed" time="0." timestamp="2025-07-29T18:09:03.443" classname="TriArcTest" />
    <testcase name="ChordMidpoints" file="/Users/brianglendenning/SoftwareProjects/CNC_Chip_Carving/fusion_plugin_cpp/tests/geometry/test_TriArc.cpp" line="122" status="run" result="completed" time="0." timestamp="2025-07-29T18:09:03.443" classname="TriArcTest" />
    <testcase name="PerpendicularNormals" file="/Users/brianglendenning/SoftwareProjects/CNC_Chip_Carving/fusion_plugin_cpp/tests/geometry/test_TriArc.cpp" line="138" status="run" result="completed" time="0." timestamp="2025-07-29T18:09:03.443" classname="TriArcTest" />
    <testcase name="SagittaCalculations" file="/Users/brianglendenning/SoftwareProjects/CNC_Chip_Carving/fusion_plugin_cpp/tests/geometry/test_TriArc.cpp" line="157" status="run" result="completed" time="0." timestamp="2025-07-29T18:09:03.443" classname="TriArcTest" />
    <testcase name="EdgeStraightness" file="/Users/brianglendenning/SoftwareProjects/CNC_Chip_Carving/fusion_plugin_cpp/tests/geometry/test_TriArc.cpp" line="170" status="run" result="completed" time="0." timestamp="2025-07-29T18:09:03.443" classname="TriArcTest" />
    <testcase name="ArcParameters" file="/Users/brianglendenning/SoftwareProjects/CNC_Chip_Carving/fusion_plugin_cpp/tests/geometry/test_TriArc.cpp" line="180" status="run" result="completed" time="0." timestamp="2025-07-29T18:09:03.443" classname="TriArcTest" />
    <testcase name="BulgeFactorValidation" file="/Users/brianglendenning/SoftwareProjects/CNC_Chip_Carving/fusion_plugin_cpp/tests/geometry/test_TriArc.cpp" line="204" status="run" result="completed" time="0." timestamp="2025-07-29T18:09:03.443" classname="TriArcTest" />
    <testcase name="BoundingBox" file="/Users/brianglendenning/SoftwareProjects/CNC_Chip_Carving/fusion_plugin_cpp/tests/geometry/test_TriArc.cpp" line="215" status="run" result="completed" time="0." timestamp="2025-07-29T18:09:03.443" classname="TriArcTest">
      <failure message="/Users/brianglendenning/SoftwareProjects/CNC_Chip_Carving/fusion_plugin_cpp/tests/geometry/test_TriArc.cpp:228&#x0A;Expected: (width) &lt; (20.0), actual: 79.722856240168539 vs 20&#x0A;" type=""><![CDATA[/Users/brianglendenning/SoftwareProjects/CNC_Chip_Carving/fusion_plugin_cpp/tests/geometry/test_TriArc.cpp:228
Expected: (width) < (20.0), actual: 79.722856240168539 vs 20
]]></failure>
      <failure message="/Users/brianglendenning/SoftwareProjects/CNC_Chip_Carving/fusion_plugin_cpp/tests/geometry/test_TriArc.cpp:229&#x0A;Expected: (height) &lt; (20.0), actual: 74.485803120084256 vs 20&#x0A;" type=""><![CDATA[/Users/brianglendenning/SoftwareProjects/CNC_Chip_Carving/fusion_plugin_cpp/tests/geometry/test_TriArc.cpp:229
Expected: (height) < (20.0), actual: 74.485803120084256 vs 20
]]></failure>
    </testcase>
    <testcase name="Contains" file="/Users/brianglendenning/SoftwareProjects/CNC_Chip_Carving/fusion_plugin_cpp/tests/geometry/test_TriArc.cpp" line="232" status="run" result="completed" time="0." timestamp="2025-07-29T18:09:03.443" classname="TriArcTest" />
    <testcase name="PointUpTriangle" file="/Users/brianglendenning/SoftwareProjects/CNC_Chip_Carving/fusion_plugin_cpp/tests/geometry/test_TriArc.cpp" line="242" status="run" result="completed" time="0." timestamp="2025-07-29T18:09:03.443" classname="TriArcTest" />
    <testcase name="BaseUpTriangle" file="/Users/brianglendenning/SoftwareProjects/CNC_Chip_Carving/fusion_plugin_cpp/tests/geometry/test_TriArc.cpp" line="259" status="run" result="completed" time="0." timestamp="2025-07-29T18:09:03.443" classname="TriArcTest" />
    <testcase name="InvalidInputHandling" file="/Users/brianglendenning/SoftwareProjects/CNC_Chip_Carving/fusion_plugin_cpp/tests/geometry/test_TriArc.cpp" line="275" status="run" result="completed" time="0." timestamp="2025-07-29T18:09:03.443" classname="TriArcTest" />
    <testcase name="DegenerateTriangle" file="/Users/brianglendenning/SoftwareProjects/CNC_Chip_Carving/fusion_plugin_cpp/tests/geometry/test_TriArc.cpp" line="283" status="run" result="completed" time="0." timestamp="2025-07-29T18:09:03.443" classname="TriArcTest" />
  </testsuite>
  <testsuite name="TriArcVisualTest" tests="11" failures="0" disabled="0" skipped="0" errors="0" time="0.001" timestamp="2025-07-29T18:09:03.443">
    <testcase name="DefaultTriArc" file="/Users/brianglendenning/SoftwareProjects/CNC_Chip_Carving/fusion_plugin_cpp/tests/geometry/test_TriArcVisual.cpp" line="65" status="run" result="completed" time="0." timestamp="2025-07-29T18:09:03.443" classname="TriArcVisualTest" />
    <testcase name="NearlyRoundTriArc" file="/Users/brianglendenning/SoftwareProjects/CNC_Chip_Carving/fusion_plugin_cpp/tests/geometry/test_TriArcVisual.cpp" line="81" status="run" result="completed" time="0." timestamp="2025-07-29T18:09:03.443" classname="TriArcVisualTest" />
    <testcase name="NearlyFlatTriArc" file="/Users/brianglendenning/SoftwareProjects/CNC_Chip_Carving/fusion_plugin_cpp/tests/geometry/test_TriArcVisual.cpp" line="97" status="run" result="completed" time="0." timestamp="2025-07-29T18:09:03.443" classname="TriArcVisualTest" />
    <testcase name="MixedBulgesTriArc" file="/Users/brianglendenning/SoftwareProjects/CNC_Chip_Carving/fusion_plugin_cpp/tests/geometry/test_TriArcVisual.cpp" line="113" status="run" result="completed" time="0." timestamp="2025-07-29T18:09:03.443" classname="TriArcVisualTest" />
    <testcase name="PointUpTriangle" file="/Users/brianglendenning/SoftwareProjects/CNC_Chip_Carving/fusion_plugin_cpp/tests/geometry/test_TriArcVisual.cpp" line="129" status="run" result="completed" time="0." timestamp="2025-07-29T18:09:03.444" classname="TriArcVisualTest" />
    <testcase name="BaseUpTriangle" file="/Users/brianglendenning/SoftwareProjects/CNC_Chip_Carving/fusion_plugin_cpp/tests/geometry/test_TriArcVisual.cpp" line="145" status="run" result="completed" time="0." timestamp="2025-07-29T18:09:03.444" classname="TriArcVisualTest" />
    <testcase name="RightTriangle" file="/Users/brianglendenning/SoftwareProjects/CNC_Chip_Carving/fusion_plugin_cpp/tests/geometry/test_TriArcVisual.cpp" line="162" status="run" result="completed" time="0." timestamp="2025-07-29T18:09:03.444" classname="TriArcVisualTest" />
    <testcase name="WideTriangle" file="/Users/brianglendenning/SoftwareProjects/CNC_Chip_Carving/fusion_plugin_cpp/tests/geometry/test_TriArcVisual.cpp" line="174" status="run" result="completed" time="0." timestamp="2025-07-29T18:09:03.444" classname="TriArcVisualTest" />
    <testcase name="TallTriangle" file="/Users/brianglendenning/SoftwareProjects/CNC_Chip_Carving/fusion_plugin_cpp/tests/geometry/test_TriArcVisual.cpp" line="186" status="run" result="completed" time="0." timestamp="2025-07-29T18:09:03.444" classname="TriArcVisualTest" />
    <testcase name="ZeroBulgeEdges" file="/Users/brianglendenning/SoftwareProjects/CNC_Chip_Carving/fusion_plugin_cpp/tests/geometry/test_TriArcVisual.cpp" line="198" status="run" result="completed" time="0." timestamp="2025-07-29T18:09:03.444" classname="TriArcVisualTest" />
    <testcase name="ComparisonSheet" file="/Users/brianglendenning/SoftwareProjects/CNC_Chip_Carving/fusion_plugin_cpp/tests/geometry/test_TriArcVisual.cpp" line="213" status="run" result="completed" time="0." timestamp="2025-07-29T18:09:03.445" classname="TriArcVisualTest" />
  </testsuite>
  <testsuite name="GeometryUtilitiesTest" tests="26" failures="0" disabled="0" skipped="0" errors="0" time="0." timestamp="2025-07-29T18:09:03.445">
    <testcase name="CalculateBoundsEmptyPoints" file="/Users/brianglendenning/SoftwareProjects/CNC_Chip_Carving/fusion_plugin_cpp/tests/geometry/test_GeometryUtilities.cpp" line="61" status="run" result="completed" time="0." timestamp="2025-07-29T18:09:03.445" classname="GeometryUtilitiesTest" />
    <testcase name="CalculateBoundsSinglePoint" file="/Users/brianglendenning/SoftwareProjects/CNC_Chip_Carving/fusion_plugin_cpp/tests/geometry/test_GeometryUtilities.cpp" line="72" status="run" result="completed" time="0." timestamp="2025-07-29T18:09:03.445" classname="GeometryUtilitiesTest" />
    <testcase name="CalculateBoundsHorizontalLine" file="/Users/brianglendenning/SoftwareProjects/CNC_Chip_Carving/fusion_plugin_cpp/tests/geometry/test_GeometryUtilities.cpp" line="83" status="run" result="completed" time="0." timestamp="2025-07-29T18:09:03.445" classname="GeometryUtilitiesTest" />
    <testcase name="CalculateBoundsVerticalLine" file="/Users/brianglendenning/SoftwareProjects/CNC_Chip_Carving/fusion_plugin_cpp/tests/geometry/test_GeometryUtilities.cpp" line="93" status="run" result="completed" time="0." timestamp="2025-07-29T18:09:03.445" classname="GeometryUtilitiesTest" />
    <testcase name="CalculateBoundsSquare" file="/Users/brianglendenning/SoftwareProjects/CNC_Chip_Carving/fusion_plugin_cpp/tests/geometry/test_GeometryUtilities.cpp" line="103" status="run" result="completed" time="0." timestamp="2025-07-29T18:09:03.445" classname="GeometryUtilitiesTest" />
    <testcase name="CalculateBoundsTriangle" file="/Users/brianglendenning/SoftwareProjects/CNC_Chip_Carving/fusion_plugin_cpp/tests/geometry/test_GeometryUtilities.cpp" line="113" status="run" result="completed" time="0." timestamp="2025-07-29T18:09:03.445" classname="GeometryUtilitiesTest" />
    <testcase name="CalculateBoundsNegativeCoords" file="/Users/brianglendenning/SoftwareProjects/CNC_Chip_Carving/fusion_plugin_cpp/tests/geometry/test_GeometryUtilities.cpp" line="123" status="run" result="completed" time="0." timestamp="2025-07-29T18:09:03.445" classname="GeometryUtilitiesTest" />
    <testcase name="CalculateBoundsMixedCoords" file="/Users/brianglendenning/SoftwareProjects/CNC_Chip_Carving/fusion_plugin_cpp/tests/geometry/test_GeometryUtilities.cpp" line="133" status="run" result="completed" time="0." timestamp="2025-07-29T18:09:03.445" classname="GeometryUtilitiesTest" />
    <testcase name="CalculateBoundsLargeValues" file="/Users/brianglendenning/SoftwareProjects/CNC_Chip_Carving/fusion_plugin_cpp/tests/geometry/test_GeometryUtilities.cpp" line="143" status="run" result="completed" time="0." timestamp="2025-07-29T18:09:03.445" classname="GeometryUtilitiesTest" />
    <testcase name="CalculateBoundsSmallValues" file="/Users/brianglendenning/SoftwareProjects/CNC_Chip_Carving/fusion_plugin_cpp/tests/geometry/test_GeometryUtilities.cpp" line="153" status="run" result="completed" time="0." timestamp="2025-07-29T18:09:03.445" classname="GeometryUtilitiesTest" />
    <testcase name="CalculateBoundsIdenticalPoints" file="/Users/brianglendenning/SoftwareProjects/CNC_Chip_Carving/fusion_plugin_cpp/tests/geometry/test_GeometryUtilities.cpp" line="163" status="run" result="completed" time="0." timestamp="2025-07-29T18:09:03.445" classname="GeometryUtilitiesTest" />
    <testcase name="CalculateCentroidEmptyPoints" file="/Users/brianglendenning/SoftwareProjects/CNC_Chip_Carving/fusion_plugin_cpp/tests/geometry/test_GeometryUtilities.cpp" line="180" status="run" result="completed" time="0." timestamp="2025-07-29T18:09:03.445" classname="GeometryUtilitiesTest" />
    <testcase name="CalculateCentroidSinglePoint" file="/Users/brianglendenning/SoftwareProjects/CNC_Chip_Carving/fusion_plugin_cpp/tests/geometry/test_GeometryUtilities.cpp" line="188" status="run" result="completed" time="0." timestamp="2025-07-29T18:09:03.445" classname="GeometryUtilitiesTest" />
    <testcase name="CalculateCentroidHorizontalLine" file="/Users/brianglendenning/SoftwareProjects/CNC_Chip_Carving/fusion_plugin_cpp/tests/geometry/test_GeometryUtilities.cpp" line="196" status="run" result="completed" time="0." timestamp="2025-07-29T18:09:03.445" classname="GeometryUtilitiesTest" />
    <testcase name="CalculateCentroidVerticalLine" file="/Users/brianglendenning/SoftwareProjects/CNC_Chip_Carving/fusion_plugin_cpp/tests/geometry/test_GeometryUtilities.cpp" line="204" status="run" result="completed" time="0." timestamp="2025-07-29T18:09:03.445" classname="GeometryUtilitiesTest" />
    <testcase name="CalculateCentroidSquare" file="/Users/brianglendenning/SoftwareProjects/CNC_Chip_Carving/fusion_plugin_cpp/tests/geometry/test_GeometryUtilities.cpp" line="212" status="run" result="completed" time="0." timestamp="2025-07-29T18:09:03.445" classname="GeometryUtilitiesTest" />
    <testcase name="CalculateCentroidTriangle" file="/Users/brianglendenning/SoftwareProjects/CNC_Chip_Carving/fusion_plugin_cpp/tests/geometry/test_GeometryUtilities.cpp" line="220" status="run" result="completed" time="0." timestamp="2025-07-29T18:09:03.445" classname="GeometryUtilitiesTest" />
    <testcase name="CalculateCentroidNegativeCoords" file="/Users/brianglendenning/SoftwareProjects/CNC_Chip_Carving/fusion_plugin_cpp/tests/geometry/test_GeometryUtilities.cpp" line="228" status="run" result="completed" time="0." timestamp="2025-07-29T18:09:03.445" classname="GeometryUtilitiesTest" />
    <testcase name="CalculateCentroidMixedCoords" file="/Users/brianglendenning/SoftwareProjects/CNC_Chip_Carving/fusion_plugin_cpp/tests/geometry/test_GeometryUtilities.cpp" line="237" status="run" result="completed" time="0." timestamp="2025-07-29T18:09:03.445" classname="GeometryUtilitiesTest" />
    <testcase name="CalculateCentroidLargeValues" file="/Users/brianglendenning/SoftwareProjects/CNC_Chip_Carving/fusion_plugin_cpp/tests/geometry/test_GeometryUtilities.cpp" line="246" status="run" result="completed" time="0." timestamp="2025-07-29T18:09:03.445" classname="GeometryUtilitiesTest" />
    <testcase name="CalculateCentroidSmallValues" file="/Users/brianglendenning/SoftwareProjects/CNC_Chip_Carving/fusion_plugin_cpp/tests/geometry/test_GeometryUtilities.cpp" line="255" status="run" result="completed" time="0." timestamp="2025-07-29T18:09:03.445" classname="GeometryUtilitiesTest" />
    <testcase name="CalculateCentroidIdenticalPoints" file="/Users/brianglendenning/SoftwareProjects/CNC_Chip_Carving/fusion_plugin_cpp/tests/geometry/test_GeometryUtilities.cpp" line="264" status="run" result="completed" time="0." timestamp="2025-07-29T18:09:03.445" classname="GeometryUtilitiesTest" />
    <testcase name="CalculateBoundsPrecision" file="/Users/brianglendenning/SoftwareProjects/CNC_Chip_Carving/fusion_plugin_cpp/tests/geometry/test_GeometryUtilities.cpp" line="279" status="run" result="completed" time="0." timestamp="2025-07-29T18:09:03.445" classname="GeometryUtilitiesTest" />
    <testcase name="CalculateCentroidLargePointCount" file="/Users/brianglendenning/SoftwareProjects/CNC_Chip_Carving/fusion_plugin_cpp/tests/geometry/test_GeometryUtilities.cpp" line="293" status="run" result="completed" time="0." timestamp="2025-07-29T18:09:03.445" classname="GeometryUtilitiesTest" />
    <testcase name="CalculateBoundsAndCentroidConsistency" file="/Users/brianglendenning/SoftwareProjects/CNC_Chip_Carving/fusion_plugin_cpp/tests/geometry/test_GeometryUtilities.cpp" line="314" status="run" result="completed" time="0." timestamp="2025-07-29T18:09:03.445" classname="GeometryUtilitiesTest" />
    <testcase name="CalculateWithNaNInfinity" file="/Users/brianglendenning/SoftwareProjects/CNC_Chip_Carving/fusion_plugin_cpp/tests/geometry/test_GeometryUtilities.cpp" line="333" status="run" result="completed" time="0." timestamp="2025-07-29T18:09:03.445" classname="GeometryUtilitiesTest" />
  </testsuite>
  <testsuite name="MedialAxisUtilitiesTest" tests="9" failures="0" disabled="0" skipped="0" errors="0" time="0." timestamp="2025-07-29T18:09:03.445">
    <testcase name="EmptyInput" file="/Users/brianglendenning/SoftwareProjects/CNC_Chip_Carving/fusion_plugin_cpp/tests/geometry/test_MedialAxisUtilities.cpp" line="33" status="run" result="completed" time="0." timestamp="2025-07-29T18:09:03.445" classname="MedialAxisUtilitiesTest" />
    <testcase name="MismatchedInputSizes" file="/Users/brianglendenning/SoftwareProjects/CNC_Chip_Carving/fusion_plugin_cpp/tests/geometry/test_MedialAxisUtilities.cpp" line="43" status="run" result="completed" time="0." timestamp="2025-07-29T18:09:03.445" classname="MedialAxisUtilitiesTest" />
    <testcase name="SinglePointChain" file="/Users/brianglendenning/SoftwareProjects/CNC_Chip_Carving/fusion_plugin_cpp/tests/geometry/test_MedialAxisUtilities.cpp" line="53" status="run" result="completed" time="0." timestamp="2025-07-29T18:09:03.445" classname="MedialAxisUtilitiesTest" />
    <testcase name="StraightLineEndpoints" file="/Users/brianglendenning/SoftwareProjects/CNC_Chip_Carving/fusion_plugin_cpp/tests/geometry/test_MedialAxisUtilities.cpp" line="67" status="run" result="completed" time="0." timestamp="2025-07-29T18:09:03.445" classname="MedialAxisUtilitiesTest" />
    <testcase name="LongSegmentInterpolation" file="/Users/brianglendenning/SoftwareProjects/CNC_Chip_Carving/fusion_plugin_cpp/tests/geometry/test_MedialAxisUtilities.cpp" line="84" status="run" result="completed" time="0." timestamp="2025-07-29T18:09:03.445" classname="MedialAxisUtilitiesTest" />
    <testcase name="MultipleChains" file="/Users/brianglendenning/SoftwareProjects/CNC_Chip_Carving/fusion_plugin_cpp/tests/geometry/test_MedialAxisUtilities.cpp" line="102" status="run" result="completed" time="0." timestamp="2025-07-29T18:09:03.445" classname="MedialAxisUtilitiesTest" />
    <testcase name="DifferentTargetSpacing" file="/Users/brianglendenning/SoftwareProjects/CNC_Chip_Carving/fusion_plugin_cpp/tests/geometry/test_MedialAxisUtilities.cpp" line="125" status="run" result="completed" time="0." timestamp="2025-07-29T18:09:03.445" classname="MedialAxisUtilitiesTest" />
    <testcase name="ClearancePreservation" file="/Users/brianglendenning/SoftwareProjects/CNC_Chip_Carving/fusion_plugin_cpp/tests/geometry/test_MedialAxisUtilities.cpp" line="144" status="run" result="completed" time="0." timestamp="2025-07-29T18:09:03.445" classname="MedialAxisUtilitiesTest" />
    <testcase name="VeryShortPath" file="/Users/brianglendenning/SoftwareProjects/CNC_Chip_Carving/fusion_plugin_cpp/tests/geometry/test_MedialAxisUtilities.cpp" line="166" status="run" result="completed" time="0." timestamp="2025-07-29T18:09:03.445" classname="MedialAxisUtilitiesTest" />
  </testsuite>
  <testsuite name="MedialAxisProcessorTest" tests="8" failures="0" disabled="0" skipped="0" errors="0" time="0.004" timestamp="2025-07-29T18:09:03.445">
    <testcase name="ConstructorAndParameters" file="/Users/brianglendenning/SoftwareProjects/CNC_Chip_Carving/fusion_plugin_cpp/tests/geometry/test_MedialAxisProcessor.cpp" line="42" status="run" result="completed" time="0." timestamp="2025-07-29T18:09:03.445" classname="MedialAxisProcessorTest" />
    <testcase name="InvalidPolygonHandling" file="/Users/brianglendenning/SoftwareProjects/CNC_Chip_Carving/fusion_plugin_cpp/tests/geometry/test_MedialAxisProcessor.cpp" line="63" status="run" result="completed" time="0." timestamp="2025-07-29T18:09:03.445" classname="MedialAxisProcessorTest" />
    <testcase name="CoordinateTransformation" file="/Users/brianglendenning/SoftwareProjects/CNC_Chip_Carving/fusion_plugin_cpp/tests/geometry/test_MedialAxisProcessor.cpp" line="80" status="run" result="completed" time="0." timestamp="2025-07-29T18:09:03.445" classname="MedialAxisProcessorTest" />
    <testcase name="SampledPathsFromFailedComputation" file="/Users/brianglendenning/SoftwareProjects/CNC_Chip_Carving/fusion_plugin_cpp/tests/geometry/test_MedialAxisProcessor.cpp" line="127" status="run" result="completed" time="0." timestamp="2025-07-29T18:09:03.446" classname="MedialAxisProcessorTest" />
    <testcase name="VerySmallShape" file="/Users/brianglendenning/SoftwareProjects/CNC_Chip_Carving/fusion_plugin_cpp/tests/geometry/test_MedialAxisProcessor.cpp" line="145" status="run" result="completed" time="0." timestamp="2025-07-29T18:09:03.446" classname="MedialAxisProcessorTest" />
    <testcase name="MedialAxisWalkParameterEffect" file="/Users/brianglendenning/SoftwareProjects/CNC_Chip_Carving/fusion_plugin_cpp/tests/geometry/test_MedialAxisProcessor.cpp" line="165" status="run" result="completed" time="0.002" timestamp="2025-07-29T18:09:03.446" classname="MedialAxisProcessorTest" />
    <testcase name="CoordinateUnitConsistency" file="/Users/brianglendenning/SoftwareProjects/CNC_Chip_Carving/fusion_plugin_cpp/tests/geometry/test_MedialAxisProcessor.cpp" line="204" status="run" result="completed" time="0." timestamp="2025-07-29T18:09:03.449" classname="MedialAxisProcessorTest" />
    <testcase name="PreservesBoundaryPoints" file="/Users/brianglendenning/SoftwareProjects/CNC_Chip_Carving/fusion_plugin_cpp/tests/geometry/test_MedialAxisProcessor.cpp" line="248" status="run" result="completed" time="0." timestamp="2025-07-29T18:09:03.449" classname="MedialAxisProcessorTest" />
  </testsuite>
  <testsuite name="PolygonExtractionTest" tests="14" failures="0" disabled="0" skipped="0" errors="0" time="0." timestamp="2025-07-29T18:09:03.450">
    <testcase name="ChainCurvesInOrder" file="/Users/brianglendenning/SoftwareProjects/CNC_Chip_Carving/fusion_plugin_cpp/tests/geometry/test_PolygonExtraction.cpp" line="131" status="run" result="completed" time="0." timestamp="2025-07-29T18:09:03.450" classname="PolygonExtractionTest" />
    <testcase name="ChainCurvesRandomOrder" file="/Users/brianglendenning/SoftwareProjects/CNC_Chip_Carving/fusion_plugin_cpp/tests/geometry/test_PolygonExtraction.cpp" line="153" status="run" result="completed" time="0." timestamp="2025-07-29T18:09:03.450" classname="PolygonExtractionTest" />
    <testcase name="ChainCurvesWithReversal" file="/Users/brianglendenning/SoftwareProjects/CNC_Chip_Carving/fusion_plugin_cpp/tests/geometry/test_PolygonExtraction.cpp" line="179" status="run" result="completed" time="0." timestamp="2025-07-29T18:09:03.450" classname="PolygonExtractionTest" />
    <testcase name="ChainCurvesWithGap" file="/Users/brianglendenning/SoftwareProjects/CNC_Chip_Carving/fusion_plugin_cpp/tests/geometry/test_PolygonExtraction.cpp" line="199" status="run" result="completed" time="0." timestamp="2025-07-29T18:09:03.450" classname="PolygonExtractionTest" />
    <testcase name="ChainEmptyCurves" file="/Users/brianglendenning/SoftwareProjects/CNC_Chip_Carving/fusion_plugin_cpp/tests/geometry/test_PolygonExtraction.cpp" line="218" status="run" result="completed" time="0." timestamp="2025-07-29T18:09:03.450" classname="PolygonExtractionTest" />
    <testcase name="OrientationCCWTriangle" file="/Users/brianglendenning/SoftwareProjects/CNC_Chip_Carving/fusion_plugin_cpp/tests/geometry/test_PolygonExtraction.cpp" line="228" status="run" result="completed" time="0." timestamp="2025-07-29T18:09:03.450" classname="PolygonExtractionTest" />
    <testcase name="OrientationCWTriangle" file="/Users/brianglendenning/SoftwareProjects/CNC_Chip_Carving/fusion_plugin_cpp/tests/geometry/test_PolygonExtraction.cpp" line="244" status="run" result="completed" time="0." timestamp="2025-07-29T18:09:03.450" classname="PolygonExtractionTest" />
    <testcase name="OrientationComplexShape" file="/Users/brianglendenning/SoftwareProjects/CNC_Chip_Carving/fusion_plugin_cpp/tests/geometry/test_PolygonExtraction.cpp" line="262" status="run" result="completed" time="0." timestamp="2025-07-29T18:09:03.450" classname="PolygonExtractionTest" />
    <testcase name="OrientationNearlyCollinear" file="/Users/brianglendenning/SoftwareProjects/CNC_Chip_Carving/fusion_plugin_cpp/tests/geometry/test_PolygonExtraction.cpp" line="276" status="run" result="completed" time="0." timestamp="2025-07-29T18:09:03.450" classname="PolygonExtractionTest" />
    <testcase name="OrientationSelfIntersecting" file="/Users/brianglendenning/SoftwareProjects/CNC_Chip_Carving/fusion_plugin_cpp/tests/geometry/test_PolygonExtraction.cpp" line="293" status="run" result="completed" time="0." timestamp="2025-07-29T18:09:03.450" classname="PolygonExtractionTest" />
    <testcase name="RealWorldFusionPolygon" file="/Users/brianglendenning/SoftwareProjects/CNC_Chip_Carving/fusion_plugin_cpp/tests/geometry/test_PolygonExtraction.cpp" line="306" status="run" result="completed" time="0." timestamp="2025-07-29T18:09:03.450" classname="PolygonExtractionTest" />
    <testcase name="CurveConnectionTolerance" file="/Users/brianglendenning/SoftwareProjects/CNC_Chip_Carving/fusion_plugin_cpp/tests/geometry/test_PolygonExtraction.cpp" line="325" status="run" result="completed" time="0." timestamp="2025-07-29T18:09:03.450" classname="PolygonExtractionTest" />
    <testcase name="ChainManySegments" file="/Users/brianglendenning/SoftwareProjects/CNC_Chip_Carving/fusion_plugin_cpp/tests/geometry/test_PolygonExtraction.cpp" line="343" status="run" result="completed" time="0." timestamp="2025-07-29T18:09:03.450" classname="PolygonExtractionTest" />
    <testcase name="DuplicateVertexRemoval" file="/Users/brianglendenning/SoftwareProjects/CNC_Chip_Carving/fusion_plugin_cpp/tests/geometry/test_PolygonExtraction.cpp" line="374" status="run" result="completed" time="0." timestamp="2025-07-29T18:09:03.450" classname="PolygonExtractionTest" />
  </testsuite>
  <testsuite name="MedialAxisRobustnessTest" tests="15" failures="2" disabled="0" skipped="0" errors="0" time="9.499" timestamp="2025-07-29T18:09:03.450">
    <testcase name="SelfIntersectingPolygon" file="/Users/brianglendenning/SoftwareProjects/CNC_Chip_Carving/fusion_plugin_cpp/tests/geometry/test_MedialAxisRobustness.cpp" line="32" status="run" result="completed" time="0." timestamp="2025-07-29T18:09:03.450" classname="MedialAxisRobustnessTest">
      <failure message="/Users/brianglendenning/SoftwareProjects/CNC_Chip_Carving/fusion_plugin_cpp/tests/geometry/test_MedialAxisRobustness.cpp:42&#x0A;Value of: results.errorMessage.find(&quot;self-intersection&quot;) != std::string::npos || results.errorMessage.find(&quot;Invalid polygon&quot;) != std::string::npos&#x0A;  Actual: false&#x0A;Expected: true&#x0A;" type=""><![CDATA[/Users/brianglendenning/SoftwareProjects/CNC_Chip_Carving/fusion_plugin_cpp/tests/geometry/test_MedialAxisRobustness.cpp:42
Value of: results.errorMessage.find("self-intersection") != std::string::npos || results.errorMessage.find("Invalid polygon") != std::string::npos
  Actual: false
Expected: true
]]></failure>
    </testcase>
    <testcase name="DuplicateConsecutiveVertices" file="/Users/brianglendenning/SoftwareProjects/CNC_Chip_Carving/fusion_plugin_cpp/tests/geometry/test_MedialAxisRobustness.cpp" line="48" status="run" result="completed" time="0." timestamp="2025-07-29T18:09:03.450" classname="MedialAxisRobustnessTest" />
    <testcase name="NearlyDuplicateVertices" file="/Users/brianglendenning/SoftwareProjects/CNC_Chip_Carving/fusion_plugin_cpp/tests/geometry/test_MedialAxisRobustness.cpp" line="65" status="run" result="completed" time="0." timestamp="2025-07-29T18:09:03.450" classname="MedialAxisRobustnessTest" />
    <testcase name="DegenerateTriangle" file="/Users/brianglendenning/SoftwareProjects/CNC_Chip_Carving/fusion_plugin_cpp/tests/geometry/test_MedialAxisRobustness.cpp" line="81" status="run" result="completed" time="0." timestamp="2025-07-29T18:09:03.450" classname="MedialAxisRobustnessTest" />
    <testcase name="VeryLargeCoordinates" file="/Users/brianglendenning/SoftwareProjects/CNC_Chip_Carving/fusion_plugin_cpp/tests/geometry/test_MedialAxisRobustness.cpp" line="96" status="run" result="completed" time="0." timestamp="2025-07-29T18:09:03.451" classname="MedialAxisRobustnessTest" />
    <testcase name="VerySmallCoordinates" file="/Users/brianglendenning/SoftwareProjects/CNC_Chip_Carving/fusion_plugin_cpp/tests/geometry/test_MedialAxisRobustness.cpp" line="117" status="run" result="completed" time="0." timestamp="2025-07-29T18:09:03.452" classname="MedialAxisRobustnessTest">
      <failure message="/Users/brianglendenning/SoftwareProjects/CNC_Chip_Carving/fusion_plugin_cpp/tests/geometry/test_MedialAxisRobustness.cpp:128&#x0A;Expected equality of these values:&#x0A;  results.transform.scale&#x0A;    Which is: 850000&#x0A;  1.0&#x0A;    Which is: 1&#x0A;" type=""><![CDATA[/Users/brianglendenning/SoftwareProjects/CNC_Chip_Carving/fusion_plugin_cpp/tests/geometry/test_MedialAxisRobustness.cpp:128
Expected equality of these values:
  results.transform.scale
    Which is: 850000
  1.0
    Which is: 1
]]></failure>
    </testcase>
    <testcase name="TransformPrecisionRoundTrip" file="/Users/brianglendenning/SoftwareProjects/CNC_Chip_Carving/fusion_plugin_cpp/tests/geometry/test_MedialAxisRobustness.cpp" line="134" status="run" result="completed" time="0." timestamp="2025-07-29T18:09:03.453" classname="MedialAxisRobustnessTest" />
    <testcase name="ManyVerticesPolygon" file="/Users/brianglendenning/SoftwareProjects/CNC_Chip_Carving/fusion_plugin_cpp/tests/geometry/test_MedialAxisRobustness.cpp" line="161" status="run" result="completed" time="9.49" timestamp="2025-07-29T18:09:03.453" classname="MedialAxisRobustnessTest" />
    <testcase name="ConcavePolygon" file="/Users/brianglendenning/SoftwareProjects/CNC_Chip_Carving/fusion_plugin_cpp/tests/geometry/test_MedialAxisRobustness.cpp" line="186" status="run" result="completed" time="0.001" timestamp="2025-07-29T18:09:12.943" classname="MedialAxisRobustnessTest" />
    <testcase name="MedialThresholdEffect" file="/Users/brianglendenning/SoftwareProjects/CNC_Chip_Carving/fusion_plugin_cpp/tests/geometry/test_MedialAxisRobustness.cpp" line="211" status="run" result="completed" time="0." timestamp="2025-07-29T18:09:12.944" classname="MedialAxisRobustnessTest" />
    <testcase name="PolygonWithHoles" file="/Users/brianglendenning/SoftwareProjects/CNC_Chip_Carving/fusion_plugin_cpp/tests/geometry/test_MedialAxisRobustness.cpp" line="233" status="run" result="completed" time="0." timestamp="2025-07-29T18:09:12.945" classname="MedialAxisRobustnessTest" />
    <testcase name="PolygonWindingOrder" file="/Users/brianglendenning/SoftwareProjects/CNC_Chip_Carving/fusion_plugin_cpp/tests/geometry/test_MedialAxisRobustness.cpp" line="249" status="run" result="completed" time="0." timestamp="2025-07-29T18:09:12.946" classname="MedialAxisRobustnessTest" />
    <testcase name="NumericalEdgeCases" file="/Users/brianglendenning/SoftwareProjects/CNC_Chip_Carving/fusion_plugin_cpp/tests/geometry/test_MedialAxisRobustness.cpp" line="271" status="run" result="completed" time="0." timestamp="2025-07-29T18:09:12.947" classname="MedialAxisRobustnessTest" />
    <testcase name="ErrorMessageQuality" file="/Users/brianglendenning/SoftwareProjects/CNC_Chip_Carving/fusion_plugin_cpp/tests/geometry/test_MedialAxisRobustness.cpp" line="287" status="run" result="completed" time="0." timestamp="2025-07-29T18:09:12.947" classname="MedialAxisRobustnessTest" />
    <testcase name="DeterministicResults" file="/Users/brianglendenning/SoftwareProjects/CNC_Chip_Carving/fusion_plugin_cpp/tests/geometry/test_MedialAxisRobustness.cpp" line="306" status="run" result="completed" time="0.002" timestamp="2025-07-29T18:09:12.947" classname="MedialAxisRobustnessTest" />
  </testsuite>
  <testsuite name="CoordinateTransformTest" tests="10" failures="0" disabled="0" skipped="0" errors="0" time="0." timestamp="2025-07-29T18:09:12.949">
    <testcase name="BasicTransformCalculation" file="/Users/brianglendenning/SoftwareProjects/CNC_Chip_Carving/fusion_plugin_cpp/tests/geometry/test_CoordinateTransform.cpp" line="88" status="run" result="completed" time="0." timestamp="2025-07-29T18:09:12.949" classname="CoordinateTransformTest" />
    <testcase name="TransformToUnitCircle" file="/Users/brianglendenning/SoftwareProjects/CNC_Chip_Carving/fusion_plugin_cpp/tests/geometry/test_CoordinateTransform.cpp" line="110" status="run" result="completed" time="0." timestamp="2025-07-29T18:09:12.949" classname="CoordinateTransformTest" />
    <testcase name="RoundTripPrecision" file="/Users/brianglendenning/SoftwareProjects/CNC_Chip_Carving/fusion_plugin_cpp/tests/geometry/test_CoordinateTransform.cpp" line="141" status="run" result="completed" time="0." timestamp="2025-07-29T18:09:12.949" classname="CoordinateTransformTest" />
    <testcase name="ExtremeCoordinates" file="/Users/brianglendenning/SoftwareProjects/CNC_Chip_Carving/fusion_plugin_cpp/tests/geometry/test_CoordinateTransform.cpp" line="177" status="run" result="completed" time="0." timestamp="2025-07-29T18:09:12.949" classname="CoordinateTransformTest" />
    <testcase name="CumulativePrecisionLoss" file="/Users/brianglendenning/SoftwareProjects/CNC_Chip_Carving/fusion_plugin_cpp/tests/geometry/test_CoordinateTransform.cpp" line="206" status="run" result="completed" time="0." timestamp="2025-07-29T18:09:12.949" classname="CoordinateTransformTest" />
    <testcase name="RandomCoordinates" file="/Users/brianglendenning/SoftwareProjects/CNC_Chip_Carving/fusion_plugin_cpp/tests/geometry/test_CoordinateTransform.cpp" line="232" status="run" result="completed" time="0." timestamp="2025-07-29T18:09:12.949" classname="CoordinateTransformTest" />
    <testcase name="DegenerateCases" file="/Users/brianglendenning/SoftwareProjects/CNC_Chip_Carving/fusion_plugin_cpp/tests/geometry/test_CoordinateTransform.cpp" line="263" status="run" result="completed" time="0." timestamp="2025-07-29T18:09:12.950" classname="CoordinateTransformTest" />
    <testcase name="RelativePositionPreservation" file="/Users/brianglendenning/SoftwareProjects/CNC_Chip_Carving/fusion_plugin_cpp/tests/geometry/test_CoordinateTransform.cpp" line="285" status="run" result="completed" time="0." timestamp="2025-07-29T18:09:12.950" classname="CoordinateTransformTest" />
    <testcase name="NumericalStabilityNearZero" file="/Users/brianglendenning/SoftwareProjects/CNC_Chip_Carving/fusion_plugin_cpp/tests/geometry/test_CoordinateTransform.cpp" line="318" status="run" result="completed" time="0." timestamp="2025-07-29T18:09:12.950" classname="CoordinateTransformTest" />
    <testcase name="TransformParameterConsistency" file="/Users/brianglendenning/SoftwareProjects/CNC_Chip_Carving/fusion_plugin_cpp/tests/geometry/test_CoordinateTransform.cpp" line="345" status="run" result="completed" time="0." timestamp="2025-07-29T18:09:12.950" classname="CoordinateTransformTest" />
  </testsuite>
  <testsuite name="CoordinateSystemRegressionTest" tests="4" failures="0" disabled="0" skipped="0" errors="0" time="0.002" timestamp="2025-07-29T18:09:12.950">
    <testcase name="RectangleMedialAxisAlignment" file="/Users/brianglendenning/SoftwareProjects/CNC_Chip_Carving/fusion_plugin_cpp/tests/geometry/test_CoordinateSystemRegression.cpp" line="41" status="run" result="completed" time="0." timestamp="2025-07-29T18:09:12.950" classname="CoordinateSystemRegressionTest" />
    <testcase name="ScaleConsistency" file="/Users/brianglendenning/SoftwareProjects/CNC_Chip_Carving/fusion_plugin_cpp/tests/geometry/test_CoordinateSystemRegression.cpp" line="100" status="run" result="completed" time="0." timestamp="2025-07-29T18:09:12.950" classname="CoordinateSystemRegressionTest" />
    <testcase name="OriginIndependence" file="/Users/brianglendenning/SoftwareProjects/CNC_Chip_Carving/fusion_plugin_cpp/tests/geometry/test_CoordinateSystemRegression.cpp" line="161" status="run" result="completed" time="0." timestamp="2025-07-29T18:09:12.951" classname="CoordinateSystemRegressionTest" />
    <testcase name="MedialAxisWithinBounds" file="/Users/brianglendenning/SoftwareProjects/CNC_Chip_Carving/fusion_plugin_cpp/tests/geometry/test_CoordinateSystemRegression.cpp" line="216" status="run" result="completed" time="0." timestamp="2025-07-29T18:09:12.952" classname="CoordinateSystemRegressionTest" />
  </testsuite>
  <testsuite name="SurfaceZDetectionRegressionTest" tests="5" failures="0" disabled="0" skipped="0" errors="0" time="0." timestamp="2025-07-29T18:09:12.952">
    <testcase name="DomeSurfaceZRangeValidation" file="/Users/brianglendenning/SoftwareProjects/CNC_Chip_Carving/fusion_plugin_cpp/tests/geometry/test_SurfaceZDetectionRegression.cpp" line="63" status="run" result="completed" time="0." timestamp="2025-07-29T18:09:12.952" classname="SurfaceZDetectionRegressionTest" />
    <testcase name="VCarveDepthCalculationLogic" file="/Users/brianglendenning/SoftwareProjects/CNC_Chip_Carving/fusion_plugin_cpp/tests/geometry/test_SurfaceZDetectionRegression.cpp" line="107" status="run" result="completed" time="0." timestamp="2025-07-29T18:09:12.952" classname="SurfaceZDetectionRegressionTest" />
    <testcase name="CoordinateSystemConsistency" file="/Users/brianglendenning/SoftwareProjects/CNC_Chip_Carving/fusion_plugin_cpp/tests/geometry/test_SurfaceZDetectionRegression.cpp" line="134" status="run" result="completed" time="0." timestamp="2025-07-29T18:09:12.952" classname="SurfaceZDetectionRegressionTest" />
    <testcase name="TopSurfaceSelectionLogic" file="/Users/brianglendenning/SoftwareProjects/CNC_Chip_Carving/fusion_plugin_cpp/tests/geometry/test_SurfaceZDetectionRegression.cpp" line="169" status="run" result="completed" time="0." timestamp="2025-07-29T18:09:12.952" classname="SurfaceZDetectionRegressionTest" />
    <testcase name="EdgeCaseHandling" file="/Users/brianglendenning/SoftwareProjects/CNC_Chip_Carving/fusion_plugin_cpp/tests/geometry/test_SurfaceZDetectionRegression.cpp" line="201" status="run" result="completed" time="0." timestamp="2025-07-29T18:09:12.952" classname="SurfaceZDetectionRegressionTest" />
  </testsuite>
  <testsuite name="VCarvePathTest" tests="18" failures="0" disabled="0" skipped="0" errors="0" time="0." timestamp="2025-07-29T18:09:12.952">
    <testcase name="VCarvePointConstruction" file="/Users/brianglendenning/SoftwareProjects/CNC_Chip_Carving/fusion_plugin_cpp/tests/geometry/test_VCarvePath.cpp" line="19" status="run" result="completed" time="0." timestamp="2025-07-29T18:09:12.952" classname="VCarvePathTest" />
    <testcase name="VCarvePointDefaultConstruction" file="/Users/brianglendenning/SoftwareProjects/CNC_Chip_Carving/fusion_plugin_cpp/tests/geometry/test_VCarvePath.cpp" line="32" status="run" result="completed" time="0." timestamp="2025-07-29T18:09:12.952" classname="VCarvePathTest" />
    <testcase name="VCarvePathDefaultConstruction" file="/Users/brianglendenning/SoftwareProjects/CNC_Chip_Carving/fusion_plugin_cpp/tests/geometry/test_VCarvePath.cpp" line="42" status="run" result="completed" time="0." timestamp="2025-07-29T18:09:12.952" classname="VCarvePathTest" />
    <testcase name="VCarvePathIsValidWithTwoPoints" file="/Users/brianglendenning/SoftwareProjects/CNC_Chip_Carving/fusion_plugin_cpp/tests/geometry/test_VCarvePath.cpp" line="51" status="run" result="completed" time="0." timestamp="2025-07-29T18:09:12.952" classname="VCarvePathTest" />
    <testcase name="VCarvePathIsInvalidWithOnePoint" file="/Users/brianglendenning/SoftwareProjects/CNC_Chip_Carving/fusion_plugin_cpp/tests/geometry/test_VCarvePath.cpp" line="59" status="run" result="completed" time="0." timestamp="2025-07-29T18:09:12.952" classname="VCarvePathTest" />
    <testcase name="VCarvePathCalculateLength" file="/Users/brianglendenning/SoftwareProjects/CNC_Chip_Carving/fusion_plugin_cpp/tests/geometry/test_VCarvePath.cpp" line="66" status="run" result="completed" time="0." timestamp="2025-07-29T18:09:12.952" classname="VCarvePathTest" />
    <testcase name="VCarvePathCalculateLengthEmpty" file="/Users/brianglendenning/SoftwareProjects/CNC_Chip_Carving/fusion_plugin_cpp/tests/geometry/test_VCarvePath.cpp" line="79" status="run" result="completed" time="0." timestamp="2025-07-29T18:09:12.952" classname="VCarvePathTest" />
    <testcase name="VCarvePathCalculateLengthSinglePoint" file="/Users/brianglendenning/SoftwareProjects/CNC_Chip_Carving/fusion_plugin_cpp/tests/geometry/test_VCarvePath.cpp" line="85" status="run" result="completed" time="0." timestamp="2025-07-29T18:09:12.952" classname="VCarvePathTest" />
    <testcase name="VCarvePathGetMaxDepth" file="/Users/brianglendenning/SoftwareProjects/CNC_Chip_Carving/fusion_plugin_cpp/tests/geometry/test_VCarvePath.cpp" line="93" status="run" result="completed" time="0." timestamp="2025-07-29T18:09:12.952" classname="VCarvePathTest" />
    <testcase name="VCarvePathGetMinDepth" file="/Users/brianglendenning/SoftwareProjects/CNC_Chip_Carving/fusion_plugin_cpp/tests/geometry/test_VCarvePath.cpp" line="104" status="run" result="completed" time="0." timestamp="2025-07-29T18:09:12.952" classname="VCarvePathTest" />
    <testcase name="VCarvePathDepthsEmptyPath" file="/Users/brianglendenning/SoftwareProjects/CNC_Chip_Carving/fusion_plugin_cpp/tests/geometry/test_VCarvePath.cpp" line="115" status="run" result="completed" time="0." timestamp="2025-07-29T18:09:12.952" classname="VCarvePathTest" />
    <testcase name="VCarveResultsDefaultConstruction" file="/Users/brianglendenning/SoftwareProjects/CNC_Chip_Carving/fusion_plugin_cpp/tests/geometry/test_VCarvePath.cpp" line="126" status="run" result="completed" time="0." timestamp="2025-07-29T18:09:12.952" classname="VCarvePathTest" />
    <testcase name="VCarveResultsUpdateStatistics" file="/Users/brianglendenning/SoftwareProjects/CNC_Chip_Carving/fusion_plugin_cpp/tests/geometry/test_VCarvePath.cpp" line="139" status="run" result="completed" time="0." timestamp="2025-07-29T18:09:12.952" classname="VCarvePathTest" />
    <testcase name="VCarveResultsUpdateStatisticsEmpty" file="/Users/brianglendenning/SoftwareProjects/CNC_Chip_Carving/fusion_plugin_cpp/tests/geometry/test_VCarvePath.cpp" line="166" status="run" result="completed" time="0." timestamp="2025-07-29T18:09:12.952" classname="VCarvePathTest" />
    <testcase name="VCarveResultsGetSummary" file="/Users/brianglendenning/SoftwareProjects/CNC_Chip_Carving/fusion_plugin_cpp/tests/geometry/test_VCarvePath.cpp" line="177" status="run" result="completed" time="0." timestamp="2025-07-29T18:09:12.952" classname="VCarvePathTest" />
    <testcase name="RealWorldTriangularVCarve" file="/Users/brianglendenning/SoftwareProjects/CNC_Chip_Carving/fusion_plugin_cpp/tests/geometry/test_VCarvePath.cpp" line="199" status="run" result="completed" time="0." timestamp="2025-07-29T18:09:12.952" classname="VCarvePathTest" />
    <testcase name="VCarvePathEdgeCases" file="/Users/brianglendenning/SoftwareProjects/CNC_Chip_Carving/fusion_plugin_cpp/tests/geometry/test_VCarvePath.cpp" line="220" status="run" result="completed" time="0." timestamp="2025-07-29T18:09:12.952" classname="VCarvePathTest" />
    <testcase name="VCarvePathZeroDepths" file="/Users/brianglendenning/SoftwareProjects/CNC_Chip_Carving/fusion_plugin_cpp/tests/geometry/test_VCarvePath.cpp" line="231" status="run" result="completed" time="0." timestamp="2025-07-29T18:09:12.952" classname="VCarvePathTest" />
  </testsuite>
  <testsuite name="VCarveCalculatorTest" tests="12" failures="0" disabled="0" skipped="0" errors="0" time="0." timestamp="2025-07-29T18:09:12.952">
    <testcase name="CalculateVCarveDepthBasic" file="/Users/brianglendenning/SoftwareProjects/CNC_Chip_Carving/fusion_plugin_cpp/tests/geometry/test_VCarveCalculator.cpp" line="33" status="run" result="completed" time="0." timestamp="2025-07-29T18:09:12.952" classname="VCarveCalculatorTest" />
    <testcase name="CalculateVCarveDepth60Degree" file="/Users/brianglendenning/SoftwareProjects/CNC_Chip_Carving/fusion_plugin_cpp/tests/geometry/test_VCarveCalculator.cpp" line="45" status="run" result="completed" time="0." timestamp="2025-07-29T18:09:12.952" classname="VCarveCalculatorTest" />
    <testcase name="CalculateVCarveDepth120Degree" file="/Users/brianglendenning/SoftwareProjects/CNC_Chip_Carving/fusion_plugin_cpp/tests/geometry/test_VCarveCalculator.cpp" line="58" status="run" result="completed" time="0." timestamp="2025-07-29T18:09:12.952" classname="VCarveCalculatorTest" />
    <testcase name="CalculateVCarveDepthMaxDepthLimit" file="/Users/brianglendenning/SoftwareProjects/CNC_Chip_Carving/fusion_plugin_cpp/tests/geometry/test_VCarveCalculator.cpp" line="71" status="run" result="completed" time="0." timestamp="2025-07-29T18:09:12.952" classname="VCarveCalculatorTest" />
    <testcase name="CalculateVCarveDepthZeroClearance" file="/Users/brianglendenning/SoftwareProjects/CNC_Chip_Carving/fusion_plugin_cpp/tests/geometry/test_VCarveCalculator.cpp" line="83" status="run" result="completed" time="0." timestamp="2025-07-29T18:09:12.952" classname="VCarveCalculatorTest" />
    <testcase name="CalculateVCarveDepthInvalidInputs" file="/Users/brianglendenning/SoftwareProjects/CNC_Chip_Carving/fusion_plugin_cpp/tests/geometry/test_VCarveCalculator.cpp" line="95" status="run" result="completed" time="0." timestamp="2025-07-29T18:09:12.952" classname="VCarveCalculatorTest" />
    <testcase name="GenerateVCarvePathsValidatesParameters" file="/Users/brianglendenning/SoftwareProjects/CNC_Chip_Carving/fusion_plugin_cpp/tests/geometry/test_VCarveCalculator.cpp" line="105" status="run" result="completed" time="0." timestamp="2025-07-29T18:09:12.952" classname="VCarveCalculatorTest" />
    <testcase name="GenerateVCarvePathsFromMedialResults" file="/Users/brianglendenning/SoftwareProjects/CNC_Chip_Carving/fusion_plugin_cpp/tests/geometry/test_VCarveCalculator.cpp" line="144" status="run" result="completed" time="0." timestamp="2025-07-29T18:09:12.952" classname="VCarveCalculatorTest" />
    <testcase name="GenerateVCarvePathsInvalidMedialResults" file="/Users/brianglendenning/SoftwareProjects/CNC_Chip_Carving/fusion_plugin_cpp/tests/geometry/test_VCarveCalculator.cpp" line="170" status="run" result="completed" time="0." timestamp="2025-07-29T18:09:12.952" classname="VCarveCalculatorTest" />
    <testcase name="GenerateVCarvePathsInvalidParameters" file="/Users/brianglendenning/SoftwareProjects/CNC_Chip_Carving/fusion_plugin_cpp/tests/geometry/test_VCarveCalculator.cpp" line="180" status="run" result="completed" time="0." timestamp="2025-07-29T18:09:12.952" classname="VCarveCalculatorTest" />
    <testcase name="RealWorldTriangularShape" file="/Users/brianglendenning/SoftwareProjects/CNC_Chip_Carving/fusion_plugin_cpp/tests/geometry/test_VCarveCalculator.cpp" line="194" status="run" result="completed" time="0." timestamp="2025-07-29T18:09:12.952" classname="VCarveCalculatorTest" />
    <testcase name="UsesRawMedialAxisData" file="/Users/brianglendenning/SoftwareProjects/CNC_Chip_Carving/fusion_plugin_cpp/tests/geometry/test_VCarveCalculator.cpp" line="232" status="run" result="completed" time="0." timestamp="2025-07-29T18:09:12.952" classname="VCarveCalculatorTest" />
  </testsuite>
  <testsuite name="DesignParserTest" tests="7" failures="0" disabled="0" skipped="0" errors="0" time="0.009" timestamp="2025-07-29T18:09:12.952">
    <testcase name="ParseValidLeafDesign" file="/Users/brianglendenning/SoftwareProjects/CNC_Chip_Carving/fusion_plugin_cpp/tests/parsers/test_DesignParser.cpp" line="80" status="run" result="completed" time="0.001" timestamp="2025-07-29T18:09:12.952" classname="DesignParserTest" />
    <testcase name="ParseValidTriArcDesign" file="/Users/brianglendenning/SoftwareProjects/CNC_Chip_Carving/fusion_plugin_cpp/tests/parsers/test_DesignParser.cpp" line="102" status="run" result="completed" time="0.001" timestamp="2025-07-29T18:09:12.954" classname="DesignParserTest" />
    <testcase name="ParseMixedShapesDesign" file="/Users/brianglendenning/SoftwareProjects/CNC_Chip_Carving/fusion_plugin_cpp/tests/parsers/test_DesignParser.cpp" line="124" status="run" result="completed" time="0.002" timestamp="2025-07-29T18:09:12.955" classname="DesignParserTest" />
    <testcase name="SchemaValidation" file="/Users/brianglendenning/SoftwareProjects/CNC_Chip_Carving/fusion_plugin_cpp/tests/parsers/test_DesignParser.cpp" line="143" status="run" result="completed" time="0." timestamp="2025-07-29T18:09:12.957" classname="DesignParserTest" />
    <testcase name="ErrorHandling" file="/Users/brianglendenning/SoftwareProjects/CNC_Chip_Carving/fusion_plugin_cpp/tests/parsers/test_DesignParser.cpp" line="157" status="run" result="completed" time="0." timestamp="2025-07-29T18:09:12.958" classname="DesignParserTest" />
    <testcase name="LeafValidation" file="/Users/brianglendenning/SoftwareProjects/CNC_Chip_Carving/fusion_plugin_cpp/tests/parsers/test_DesignParser.cpp" line="186" status="run" result="completed" time="0.001" timestamp="2025-07-29T18:09:12.958" classname="DesignParserTest" />
    <testcase name="TriArcValidation" file="/Users/brianglendenning/SoftwareProjects/CNC_Chip_Carving/fusion_plugin_cpp/tests/parsers/test_DesignParser.cpp" line="219" status="run" result="completed" time="0.002" timestamp="2025-07-29T18:09:12.960" classname="DesignParserTest" />
  </testsuite>
  <testsuite name="ParameterValidationTest" tests="8" failures="0" disabled="0" skipped="0" errors="0" time="0." timestamp="2025-07-29T18:09:12.962">
    <testcase name="DefaultParameterValues" file="/Users/brianglendenning/SoftwareProjects/CNC_Chip_Carving/fusion_plugin_cpp/tests/commands/test_ParameterValidation.cpp" line="36" status="run" result="completed" time="0." timestamp="2025-07-29T18:09:12.962" classname="ParameterValidationTest" />
    <testcase name="PolygonToleranceValidation" file="/Users/brianglendenning/SoftwareProjects/CNC_Chip_Carving/fusion_plugin_cpp/tests/commands/test_ParameterValidation.cpp" line="46" status="run" result="completed" time="0." timestamp="2025-07-29T18:09:12.962" classname="ParameterValidationTest" />
    <testcase name="SamplingDistanceValidation" file="/Users/brianglendenning/SoftwareProjects/CNC_Chip_Carving/fusion_plugin_cpp/tests/commands/test_ParameterValidation.cpp" line="75" status="run" result="completed" time="0." timestamp="2025-07-29T18:09:12.962" classname="ParameterValidationTest" />
    <testcase name="UnitConversionLogic" file="/Users/brianglendenning/SoftwareProjects/CNC_Chip_Carving/fusion_plugin_cpp/tests/commands/test_ParameterValidation.cpp" line="101" status="run" result="completed" time="0." timestamp="2025-07-29T18:09:12.962" classname="ParameterValidationTest" />
    <testcase name="ParameterRelationships" file="/Users/brianglendenning/SoftwareProjects/CNC_Chip_Carving/fusion_plugin_cpp/tests/commands/test_ParameterValidation.cpp" line="127" status="run" result="completed" time="0." timestamp="2025-07-29T18:09:12.962" classname="ParameterValidationTest" />
    <testcase name="BooleanParameters" file="/Users/brianglendenning/SoftwareProjects/CNC_Chip_Carving/fusion_plugin_cpp/tests/commands/test_ParameterValidation.cpp" line="153" status="run" result="completed" time="0." timestamp="2025-07-29T18:09:12.962" classname="ParameterValidationTest" />
    <testcase name="ParameterCopyAndAssignment" file="/Users/brianglendenning/SoftwareProjects/CNC_Chip_Carving/fusion_plugin_cpp/tests/commands/test_ParameterValidation.cpp" line="177" status="run" result="completed" time="0." timestamp="2025-07-29T18:09:12.962" classname="ParameterValidationTest" />
    <testcase name="ExtremeValueHandling" file="/Users/brianglendenning/SoftwareProjects/CNC_Chip_Carving/fusion_plugin_cpp/tests/commands/test_ParameterValidation.cpp" line="207" status="run" result="completed" time="0." timestamp="2025-07-29T18:09:12.962" classname="ParameterValidationTest" />
  </testsuite>
  <testsuite name="SketchSelectionValidationTest" tests="10" failures="0" disabled="0" skipped="0" errors="0" time="0." timestamp="2025-07-29T18:09:12.962">
    <testcase name="ValidSelectionProperties" file="/Users/brianglendenning/SoftwareProjects/CNC_Chip_Carving/fusion_plugin_cpp/tests/commands/test_SketchSelectionValidation.cpp" line="42" status="run" result="completed" time="0." timestamp="2025-07-29T18:09:12.962" classname="SketchSelectionValidationTest" />
    <testcase name="InvalidSelectionProperties" file="/Users/brianglendenning/SoftwareProjects/CNC_Chip_Carving/fusion_plugin_cpp/tests/commands/test_SketchSelectionValidation.cpp" line="56" status="run" result="completed" time="0." timestamp="2025-07-29T18:09:12.962" classname="SketchSelectionValidationTest" />
    <testcase name="SelectionCountValidation" file="/Users/brianglendenning/SoftwareProjects/CNC_Chip_Carving/fusion_plugin_cpp/tests/commands/test_SketchSelectionValidation.cpp" line="64" status="run" result="completed" time="0." timestamp="2025-07-29T18:09:12.962" classname="SketchSelectionValidationTest" />
    <testcase name="ErrorMessageValidation" file="/Users/brianglendenning/SoftwareProjects/CNC_Chip_Carving/fusion_plugin_cpp/tests/commands/test_SketchSelectionValidation.cpp" line="89" status="run" result="completed" time="0." timestamp="2025-07-29T18:09:12.962" classname="SketchSelectionValidationTest" />
    <testcase name="ConsistencyValidation" file="/Users/brianglendenning/SoftwareProjects/CNC_Chip_Carving/fusion_plugin_cpp/tests/commands/test_SketchSelectionValidation.cpp" line="115" status="run" result="completed" time="0." timestamp="2025-07-29T18:09:12.962" classname="SketchSelectionValidationTest" />
    <testcase name="EntityIdFormatValidation" file="/Users/brianglendenning/SoftwareProjects/CNC_Chip_Carving/fusion_plugin_cpp/tests/commands/test_SketchSelectionValidation.cpp" line="143" status="run" result="completed" time="0." timestamp="2025-07-29T18:09:12.962" classname="SketchSelectionValidationTest" />
    <testcase name="EdgeCases" file="/Users/brianglendenning/SoftwareProjects/CNC_Chip_Carving/fusion_plugin_cpp/tests/commands/test_SketchSelectionValidation.cpp" line="175" status="run" result="completed" time="0." timestamp="2025-07-29T18:09:12.962" classname="SketchSelectionValidationTest" />
    <testcase name="SelectionCopyAndAssignment" file="/Users/brianglendenning/SoftwareProjects/CNC_Chip_Carving/fusion_plugin_cpp/tests/commands/test_SketchSelectionValidation.cpp" line="202" status="run" result="completed" time="0." timestamp="2025-07-29T18:09:12.962" classname="SketchSelectionValidationTest" />
    <testcase name="SelectionStateTransitions" file="/Users/brianglendenning/SoftwareProjects/CNC_Chip_Carving/fusion_plugin_cpp/tests/commands/test_SketchSelectionValidation.cpp" line="227" status="run" result="completed" time="0." timestamp="2025-07-29T18:09:12.962" classname="SketchSelectionValidationTest" />
    <testcase name="LargeSelectionHandling" file="/Users/brianglendenning/SoftwareProjects/CNC_Chip_Carving/fusion_plugin_cpp/tests/commands/test_SketchSelectionValidation.cpp" line="261" status="run" result="completed" time="0." timestamp="2025-07-29T18:09:12.962" classname="SketchSelectionValidationTest" />
  </testsuite>
  <testsuite name="ParameterExtractionTest" tests="5" failures="0" disabled="0" skipped="0" errors="0" time="0." timestamp="2025-07-29T18:09:12.962">
    <testcase name="ToolAngleMapping" file="/Users/brianglendenning/SoftwareProjects/CNC_Chip_Carving/fusion_plugin_cpp/tests/commands/test_ParameterExtraction.cpp" line="21" status="run" result="completed" time="0." timestamp="2025-07-29T18:09:12.962" classname="ParameterExtractionTest" />
    <testcase name="DefaultParameterValues" file="/Users/brianglendenning/SoftwareProjects/CNC_Chip_Carving/fusion_plugin_cpp/tests/commands/test_ParameterExtraction.cpp" line="35" status="run" result="completed" time="0." timestamp="2025-07-29T18:09:12.962" classname="ParameterExtractionTest" />
    <testcase name="ParameterRangeValidation" file="/Users/brianglendenning/SoftwareProjects/CNC_Chip_Carving/fusion_plugin_cpp/tests/commands/test_ParameterExtraction.cpp" line="50" status="run" result="completed" time="0." timestamp="2025-07-29T18:09:12.962" classname="ParameterExtractionTest" />
    <testcase name="ToolAngleValidation" file="/Users/brianglendenning/SoftwareProjects/CNC_Chip_Carving/fusion_plugin_cpp/tests/commands/test_ParameterExtraction.cpp" line="94" status="run" result="completed" time="0." timestamp="2025-07-29T18:09:12.962" classname="ParameterExtractionTest" />
    <testcase name="BooleanFlagCombinations" file="/Users/brianglendenning/SoftwareProjects/CNC_Chip_Carving/fusion_plugin_cpp/tests/commands/test_ParameterExtraction.cpp" line="113" status="run" result="completed" time="0." timestamp="2025-07-29T18:09:12.962" classname="ParameterExtractionTest" />
  </testsuite>
  <testsuite name="ToolSelectionTest" tests="6" failures="0" disabled="0" skipped="0" errors="0" time="0." timestamp="2025-07-29T18:09:12.962">
    <testcase name="ToolNameToAngleMapping" file="/Users/brianglendenning/SoftwareProjects/CNC_Chip_Carving/fusion_plugin_cpp/tests/commands/test_ToolSelectionLogic.cpp" line="75" status="run" result="completed" time="0." timestamp="2025-07-29T18:09:12.962" classname="ToolSelectionTest" />
    <testcase name="DefaultDepthsByAngle" file="/Users/brianglendenning/SoftwareProjects/CNC_Chip_Carving/fusion_plugin_cpp/tests/commands/test_ToolSelectionLogic.cpp" line="87" status="run" result="completed" time="0." timestamp="2025-07-29T18:09:12.962" classname="ToolSelectionTest" />
    <testcase name="CutWidthCalculations" file="/Users/brianglendenning/SoftwareProjects/CNC_Chip_Carving/fusion_plugin_cpp/tests/commands/test_ToolSelectionLogic.cpp" line="99" status="run" result="completed" time="0." timestamp="2025-07-29T18:09:12.962" classname="ToolSelectionTest" />
    <testcase name="DepthForWidthCalculations" file="/Users/brianglendenning/SoftwareProjects/CNC_Chip_Carving/fusion_plugin_cpp/tests/commands/test_ToolSelectionLogic.cpp" line="115" status="run" result="completed" time="0." timestamp="2025-07-29T18:09:12.962" classname="ToolSelectionTest" />
    <testcase name="ReciprocalRelationship" file="/Users/brianglendenning/SoftwareProjects/CNC_Chip_Carving/fusion_plugin_cpp/tests/commands/test_ToolSelectionLogic.cpp" line="128" status="run" result="completed" time="0." timestamp="2025-07-29T18:09:12.962" classname="ToolSelectionTest" />
    <testcase name="EdgeCases" file="/Users/brianglendenning/SoftwareProjects/CNC_Chip_Carving/fusion_plugin_cpp/tests/commands/test_ToolSelectionLogic.cpp" line="143" status="run" result="completed" time="0." timestamp="2025-07-29T18:09:12.963" classname="ToolSelectionTest" />
  </testsuite>
  <testsuite name="SelectionValidationTest" tests="7" failures="0" disabled="0" skipped="0" errors="0" time="0." timestamp="2025-07-29T18:09:12.963">
    <testcase name="ValidSelectionProperties" file="/Users/brianglendenning/SoftwareProjects/CNC_Chip_Carving/fusion_plugin_cpp/tests/commands/test_SelectionValidation.cpp" line="33" status="run" result="completed" time="0." timestamp="2025-07-29T18:09:12.963" classname="SelectionValidationTest" />
    <testcase name="InvalidSelectionProperties" file="/Users/brianglendenning/SoftwareProjects/CNC_Chip_Carving/fusion_plugin_cpp/tests/commands/test_SelectionValidation.cpp" line="40" status="run" result="completed" time="0." timestamp="2025-07-29T18:09:12.963" classname="SelectionValidationTest" />
    <testcase name="MultipleProfileSelection" file="/Users/brianglendenning/SoftwareProjects/CNC_Chip_Carving/fusion_plugin_cpp/tests/commands/test_SelectionValidation.cpp" line="47" status="run" result="completed" time="0." timestamp="2025-07-29T18:09:12.963" classname="SelectionValidationTest" />
    <testcase name="SelectionErrorMessages" file="/Users/brianglendenning/SoftwareProjects/CNC_Chip_Carving/fusion_plugin_cpp/tests/commands/test_SelectionValidation.cpp" line="59" status="run" result="completed" time="0." timestamp="2025-07-29T18:09:12.963" classname="SelectionValidationTest" />
    <testcase name="SelectionStateTransitions" file="/Users/brianglendenning/SoftwareProjects/CNC_Chip_Carving/fusion_plugin_cpp/tests/commands/test_SelectionValidation.cpp" line="87" status="run" result="completed" time="0." timestamp="2025-07-29T18:09:12.963" classname="SelectionValidationTest" />
    <testcase name="EntityIdUniqueness" file="/Users/brianglendenning/SoftwareProjects/CNC_Chip_Carving/fusion_plugin_cpp/tests/commands/test_SelectionValidation.cpp" line="112" status="run" result="completed" time="0." timestamp="2025-07-29T18:09:12.963" classname="SelectionValidationTest" />
    <testcase name="EmptyButValidSelection" file="/Users/brianglendenning/SoftwareProjects/CNC_Chip_Carving/fusion_plugin_cpp/tests/commands/test_SelectionValidation.cpp" line="129" status="run" result="completed" time="0." timestamp="2025-07-29T18:09:12.963" classname="SelectionValidationTest" />
  </testsuite>
  <testsuite name="PathGenerationTest" tests="6" failures="0" disabled="0" skipped="0" errors="0" time="0.028" timestamp="2025-07-29T18:09:12.963">
    <testcase name="MedialAxisPointCount" file="/Users/brianglendenning/SoftwareProjects/CNC_Chip_Carving/fusion_plugin_cpp/tests/core/test_PathGenerationLogic.cpp" line="33" status="run" result="completed" time="0." timestamp="2025-07-29T18:09:12.963" classname="PathGenerationTest" />
    <testcase name="ClearanceRadiusProperties" file="/Users/brianglendenning/SoftwareProjects/CNC_Chip_Carving/fusion_plugin_cpp/tests/core/test_PathGenerationLogic.cpp" line="53" status="run" result="completed" time="0." timestamp="2025-07-29T18:09:12.963" classname="PathGenerationTest" />
    <testcase name="DepthCalculationFromClearance" file="/Users/brianglendenning/SoftwareProjects/CNC_Chip_Carving/fusion_plugin_cpp/tests/core/test_PathGenerationLogic.cpp" line="78" status="run" result="completed" time="0." timestamp="2025-07-29T18:09:12.963" classname="PathGenerationTest" />
    <testcase name="PolygonToleranceVsChainCount" file="/Users/brianglendenning/SoftwareProjects/CNC_Chip_Carving/fusion_plugin_cpp/tests/core/test_PathGenerationLogic.cpp" line="103" status="run" result="completed" time="0." timestamp="2025-07-29T18:09:12.963" classname="PathGenerationTest" />
    <testcase name="ChainContinuity" file="/Users/brianglendenning/SoftwareProjects/CNC_Chip_Carving/fusion_plugin_cpp/tests/core/test_PathGenerationLogic.cpp" line="121" status="run" result="completed" time="0." timestamp="2025-07-29T18:09:12.964" classname="PathGenerationTest" />
    <testcase name="PolygonToleranceEffect" file="/Users/brianglendenning/SoftwareProjects/CNC_Chip_Carving/fusion_plugin_cpp/tests/core/test_PathGenerationLogic.cpp" line="147" status="run" result="completed" time="0.025" timestamp="2025-07-29T18:09:12.965" classname="PathGenerationTest" />
  </testsuite>
  <testsuite name="ShapeFactoryTest" tests="27" failures="0" disabled="0" skipped="0" errors="0" time="0.004" timestamp="2025-07-29T18:09:12.991">
    <testcase name="CreateLeafFromValidJson" file="/Users/brianglendenning/SoftwareProjects/CNC_Chip_Carving/fusion_plugin_cpp/tests/test_ShapeFactory.cpp" line="38" status="run" result="completed" time="0." timestamp="2025-07-29T18:09:12.991" classname="ShapeFactoryTest" />
    <testcase name="CreateTriArcFromValidJson" file="/Users/brianglendenning/SoftwareProjects/CNC_Chip_Carving/fusion_plugin_cpp/tests/test_ShapeFactory.cpp" line="58" status="run" result="completed" time="0." timestamp="2025-07-29T18:09:12.991" classname="ShapeFactoryTest" />
    <testcase name="CreateLeafWithMinimumRadius" file="/Users/brianglendenning/SoftwareProjects/CNC_Chip_Carving/fusion_plugin_cpp/tests/test_ShapeFactory.cpp" line="82" status="run" result="completed" time="0." timestamp="2025-07-29T18:09:12.991" classname="ShapeFactoryTest" />
    <testcase name="CreateLeafWithNegativeCoordinates" file="/Users/brianglendenning/SoftwareProjects/CNC_Chip_Carving/fusion_plugin_cpp/tests/test_ShapeFactory.cpp" line="97" status="run" result="completed" time="0." timestamp="2025-07-29T18:09:12.991" classname="ShapeFactoryTest" />
    <testcase name="CreateTriArcWithMixedCurvatures" file="/Users/brianglendenning/SoftwareProjects/CNC_Chip_Carving/fusion_plugin_cpp/tests/test_ShapeFactory.cpp" line="115" status="run" result="completed" time="0." timestamp="2025-07-29T18:09:12.991" classname="ShapeFactoryTest" />
    <testcase name="CreateShapeThrowsOnUnknownType" file="/Users/brianglendenning/SoftwareProjects/CNC_Chip_Carving/fusion_plugin_cpp/tests/test_ShapeFactory.cpp" line="138" status="run" result="completed" time="0." timestamp="2025-07-29T18:09:12.992" classname="ShapeFactoryTest" />
    <testcase name="CreateShapeThrowsOnMissingType" file="/Users/brianglendenning/SoftwareProjects/CNC_Chip_Carving/fusion_plugin_cpp/tests/test_ShapeFactory.cpp" line="148" status="run" result="completed" time="0." timestamp="2025-07-29T18:09:12.992" classname="ShapeFactoryTest" />
    <testcase name="CreateShapeThrowsOnMissingVertices" file="/Users/brianglendenning/SoftwareProjects/CNC_Chip_Carving/fusion_plugin_cpp/tests/test_ShapeFactory.cpp" line="157" status="run" result="completed" time="0." timestamp="2025-07-29T18:09:12.992" classname="ShapeFactoryTest" />
    <testcase name="CreateShapeThrowsOnEmptyVerticesArray" file="/Users/brianglendenning/SoftwareProjects/CNC_Chip_Carving/fusion_plugin_cpp/tests/test_ShapeFactory.cpp" line="167" status="run" result="completed" time="0." timestamp="2025-07-29T18:09:12.992" classname="ShapeFactoryTest" />
    <testcase name="CreateLeafThrowsOnMissingRadius" file="/Users/brianglendenning/SoftwareProjects/CNC_Chip_Carving/fusion_plugin_cpp/tests/test_ShapeFactory.cpp" line="178" status="run" result="completed" time="0." timestamp="2025-07-29T18:09:12.992" classname="ShapeFactoryTest" />
    <testcase name="CreateTriArcThrowsOnMissingCurvatures" file="/Users/brianglendenning/SoftwareProjects/CNC_Chip_Carving/fusion_plugin_cpp/tests/test_ShapeFactory.cpp" line="187" status="run" result="completed" time="0." timestamp="2025-07-29T18:09:12.992" classname="ShapeFactoryTest" />
    <testcase name="CreateTriArcThrowsOnEmptyCurvaturesArray" file="/Users/brianglendenning/SoftwareProjects/CNC_Chip_Carving/fusion_plugin_cpp/tests/test_ShapeFactory.cpp" line="197" status="run" result="completed" time="0." timestamp="2025-07-29T18:09:12.992" classname="ShapeFactoryTest" />
    <testcase name="CreateShapeThrowsOnMalformedJson" file="/Users/brianglendenning/SoftwareProjects/CNC_Chip_Carving/fusion_plugin_cpp/tests/test_ShapeFactory.cpp" line="208" status="run" result="completed" time="0." timestamp="2025-07-29T18:09:12.992" classname="ShapeFactoryTest" />
    <testcase name="CreateShapeThrowsOnMalformedVertices" file="/Users/brianglendenning/SoftwareProjects/CNC_Chip_Carving/fusion_plugin_cpp/tests/test_ShapeFactory.cpp" line="214" status="run" result="completed" time="0." timestamp="2025-07-29T18:09:12.992" classname="ShapeFactoryTest" />
    <testcase name="CreateLeafThrowsOnWrongVertexCount" file="/Users/brianglendenning/SoftwareProjects/CNC_Chip_Carving/fusion_plugin_cpp/tests/test_ShapeFactory.cpp" line="229" status="run" result="completed" time="0." timestamp="2025-07-29T18:09:12.993" classname="ShapeFactoryTest" />
    <testcase name="CreateLeafThrowsOnTooManyVertices" file="/Users/brianglendenning/SoftwareProjects/CNC_Chip_Carving/fusion_plugin_cpp/tests/test_ShapeFactory.cpp" line="240" status="run" result="completed" time="0." timestamp="2025-07-29T18:09:12.993" classname="ShapeFactoryTest" />
    <testcase name="CreateLeafThrowsOnNegativeRadius" file="/Users/brianglendenning/SoftwareProjects/CNC_Chip_Carving/fusion_plugin_cpp/tests/test_ShapeFactory.cpp" line="251" status="run" result="completed" time="0." timestamp="2025-07-29T18:09:12.993" classname="ShapeFactoryTest" />
    <testcase name="CreateLeafThrowsOnZeroRadius" file="/Users/brianglendenning/SoftwareProjects/CNC_Chip_Carving/fusion_plugin_cpp/tests/test_ShapeFactory.cpp" line="262" status="run" result="completed" time="0." timestamp="2025-07-29T18:09:12.993" classname="ShapeFactoryTest" />
    <testcase name="CreateLeafThrowsOnTooSmallRadius" file="/Users/brianglendenning/SoftwareProjects/CNC_Chip_Carving/fusion_plugin_cpp/tests/test_ShapeFactory.cpp" line="273" status="run" result="completed" time="0." timestamp="2025-07-29T18:09:12.993" classname="ShapeFactoryTest" />
    <testcase name="CreateTriArcThrowsOnWrongVertexCount" file="/Users/brianglendenning/SoftwareProjects/CNC_Chip_Carving/fusion_plugin_cpp/tests/test_ShapeFactory.cpp" line="284" status="run" result="completed" time="0." timestamp="2025-07-29T18:09:12.993" classname="ShapeFactoryTest" />
    <testcase name="CreateTriArcThrowsOnWrongCurvatureCount" file="/Users/brianglendenning/SoftwareProjects/CNC_Chip_Carving/fusion_plugin_cpp/tests/test_ShapeFactory.cpp" line="295" status="run" result="completed" time="0." timestamp="2025-07-29T18:09:12.994" classname="ShapeFactoryTest" />
    <testcase name="CreateTriArcThrowsOnDegenerateTriangle" file="/Users/brianglendenning/SoftwareProjects/CNC_Chip_Carving/fusion_plugin_cpp/tests/test_ShapeFactory.cpp" line="306" status="run" result="completed" time="0." timestamp="2025-07-29T18:09:12.994" classname="ShapeFactoryTest" />
    <testcase name="CreateShapeWorksWithoutLogger" file="/Users/brianglendenning/SoftwareProjects/CNC_Chip_Carving/fusion_plugin_cpp/tests/test_ShapeFactory.cpp" line="321" status="run" result="completed" time="0." timestamp="2025-07-29T18:09:12.994" classname="ShapeFactoryTest" />
    <testcase name="CreateShapeHandlesComplexJson" file="/Users/brianglendenning/SoftwareProjects/CNC_Chip_Carving/fusion_plugin_cpp/tests/test_ShapeFactory.cpp" line="336" status="run" result="completed" time="0." timestamp="2025-07-29T18:09:12.994" classname="ShapeFactoryTest" />
    <testcase name="CreateShapeHandlesMinimalValidJson" file="/Users/brianglendenning/SoftwareProjects/CNC_Chip_Carving/fusion_plugin_cpp/tests/test_ShapeFactory.cpp" line="363" status="run" result="completed" time="0." timestamp="2025-07-29T18:09:12.995" classname="ShapeFactoryTest" />
    <testcase name="CreateShapeHandlesJsonWithExtraWhitespace" file="/Users/brianglendenning/SoftwareProjects/CNC_Chip_Carving/fusion_plugin_cpp/tests/test_ShapeFactory.cpp" line="374" status="run" result="completed" time="0." timestamp="2025-07-29T18:09:12.995" classname="ShapeFactoryTest" />
    <testcase name="LoggerReceivesDebugMessages" file="/Users/brianglendenning/SoftwareProjects/CNC_Chip_Carving/fusion_plugin_cpp/tests/test_ShapeFactory.cpp" line="392" status="run" result="completed" time="0." timestamp="2025-07-29T18:09:12.995" classname="ShapeFactoryTest" />
  </testsuite>
  <testsuite name="SVGGeneratorTest" tests="26" failures="0" disabled="0" skipped="0" errors="0" time="0.044" timestamp="2025-07-29T18:09:12.995">
    <testcase name="DefaultConstructor" file="/Users/brianglendenning/SoftwareProjects/CNC_Chip_Carving/fusion_plugin_cpp/tests/test_SVGGenerator.cpp" line="73" status="run" result="completed" time="0." timestamp="2025-07-29T18:09:12.995" classname="SVGGeneratorTest" />
    <testcase name="CustomDimensionsConstructor" file="/Users/brianglendenning/SoftwareProjects/CNC_Chip_Carving/fusion_plugin_cpp/tests/test_SVGGenerator.cpp" line="86" status="run" result="completed" time="0." timestamp="2025-07-29T18:09:12.995" classname="SVGGeneratorTest" />
    <testcase name="GeneratesGridReference" file="/Users/brianglendenning/SoftwareProjects/CNC_Chip_Carving/fusion_plugin_cpp/tests/test_SVGGenerator.cpp" line="96" status="run" result="completed" time="0." timestamp="2025-07-29T18:09:12.996" classname="SVGGeneratorTest" />
    <testcase name="SetBoundsUpdatesCoordinateSystem" file="/Users/brianglendenning/SoftwareProjects/CNC_Chip_Carving/fusion_plugin_cpp/tests/test_SVGGenerator.cpp" line="113" status="run" result="completed" time="0." timestamp="2025-07-29T18:09:12.996" classname="SVGGeneratorTest" />
    <testcase name="SetBoundsHandlesNonSquareRegions" file="/Users/brianglendenning/SoftwareProjects/CNC_Chip_Carving/fusion_plugin_cpp/tests/test_SVGGenerator.cpp" line="132" status="run" result="completed" time="0." timestamp="2025-07-29T18:09:12.996" classname="SVGGeneratorTest" />
    <testcase name="SetBoundsWithZeroMargin" file="/Users/brianglendenning/SoftwareProjects/CNC_Chip_Carving/fusion_plugin_cpp/tests/test_SVGGenerator.cpp" line="146" status="run" result="completed" time="0." timestamp="2025-07-29T18:09:12.996" classname="SVGGeneratorTest" />
    <testcase name="AddLeafGeneratesCorrectPath" file="/Users/brianglendenning/SoftwareProjects/CNC_Chip_Carving/fusion_plugin_cpp/tests/test_SVGGenerator.cpp" line="163" status="run" result="completed" time="0." timestamp="2025-07-29T18:09:12.996" classname="SVGGeneratorTest" />
    <testcase name="AddTriArcGeneratesCorrectPath" file="/Users/brianglendenning/SoftwareProjects/CNC_Chip_Carving/fusion_plugin_cpp/tests/test_SVGGenerator.cpp" line="181" status="run" result="completed" time="0." timestamp="2025-07-29T18:09:12.996" classname="SVGGeneratorTest" />
    <testcase name="AddMultipleShapesInOneGenerator" file="/Users/brianglendenning/SoftwareProjects/CNC_Chip_Carving/fusion_plugin_cpp/tests/test_SVGGenerator.cpp" line="198" status="run" result="completed" time="0." timestamp="2025-07-29T18:09:12.996" classname="SVGGeneratorTest" />
    <testcase name="AddDebugMarkersForLeaf" file="/Users/brianglendenning/SoftwareProjects/CNC_Chip_Carving/fusion_plugin_cpp/tests/test_SVGGenerator.cpp" line="217" status="run" result="completed" time="0." timestamp="2025-07-29T18:09:12.996" classname="SVGGeneratorTest" />
    <testcase name="AddTriArcDebugMarkers" file="/Users/brianglendenning/SoftwareProjects/CNC_Chip_Carving/fusion_plugin_cpp/tests/test_SVGGenerator.cpp" line="234" status="run" result="completed" time="0." timestamp="2025-07-29T18:09:12.996" classname="SVGGeneratorTest" />
    <testcase name="AddPointWithLabel" file="/Users/brianglendenning/SoftwareProjects/CNC_Chip_Carving/fusion_plugin_cpp/tests/test_SVGGenerator.cpp" line="252" status="run" result="completed" time="0." timestamp="2025-07-29T18:09:12.996" classname="SVGGeneratorTest" />
    <testcase name="AddLine" file="/Users/brianglendenning/SoftwareProjects/CNC_Chip_Carving/fusion_plugin_cpp/tests/test_SVGGenerator.cpp" line="267" status="run" result="completed" time="0." timestamp="2025-07-29T18:09:12.997" classname="SVGGeneratorTest" />
    <testcase name="AddArc" file="/Users/brianglendenning/SoftwareProjects/CNC_Chip_Carving/fusion_plugin_cpp/tests/test_SVGGenerator.cpp" line="280" status="run" result="completed" time="0." timestamp="2025-07-29T18:09:12.997" classname="SVGGeneratorTest" />
    <testcase name="AddText" file="/Users/brianglendenning/SoftwareProjects/CNC_Chip_Carving/fusion_plugin_cpp/tests/test_SVGGenerator.cpp" line="294" status="run" result="completed" time="0." timestamp="2025-07-29T18:09:12.997" classname="SVGGeneratorTest" />
    <testcase name="SaveToFileCreatesValidFile" file="/Users/brianglendenning/SoftwareProjects/CNC_Chip_Carving/fusion_plugin_cpp/tests/test_SVGGenerator.cpp" line="311" status="run" result="completed" time="0." timestamp="2025-07-29T18:09:12.997" classname="SVGGeneratorTest" />
    <testcase name="SaveToFileHandlesInvalidPath" file="/Users/brianglendenning/SoftwareProjects/CNC_Chip_Carving/fusion_plugin_cpp/tests/test_SVGGenerator.cpp" line="333" status="run" result="completed" time="0." timestamp="2025-07-29T18:09:12.997" classname="SVGGeneratorTest" />
    <testcase name="SaveToFileOverwritesExistingFile" file="/Users/brianglendenning/SoftwareProjects/CNC_Chip_Carving/fusion_plugin_cpp/tests/test_SVGGenerator.cpp" line="345" status="run" result="completed" time="0." timestamp="2025-07-29T18:09:12.997" classname="SVGGeneratorTest" />
    <testcase name="SVGComparatorExtractsNumbers" file="/Users/brianglendenning/SoftwareProjects/CNC_Chip_Carving/fusion_plugin_cpp/tests/test_SVGGenerator.cpp" line="372" status="run" result="completed" time="0." timestamp="2025-07-29T18:09:12.998" classname="SVGGeneratorTest" />
    <testcase name="SVGComparatorCompareNumbers" file="/Users/brianglendenning/SoftwareProjects/CNC_Chip_Carving/fusion_plugin_cpp/tests/test_SVGGenerator.cpp" line="391" status="run" result="completed" time="0." timestamp="2025-07-29T18:09:12.998" classname="SVGGeneratorTest" />
    <testcase name="SVGComparatorCompareIdenticalFiles" file="/Users/brianglendenning/SoftwareProjects/CNC_Chip_Carving/fusion_plugin_cpp/tests/test_SVGGenerator.cpp" line="407" status="run" result="completed" time="0.02" timestamp="2025-07-29T18:09:12.998" classname="SVGGeneratorTest" />
    <testcase name="SVGComparatorCompareDifferentFiles" file="/Users/brianglendenning/SoftwareProjects/CNC_Chip_Carving/fusion_plugin_cpp/tests/test_SVGGenerator.cpp" line="422" status="run" result="completed" time="0.02" timestamp="2025-07-29T18:09:13.019" classname="SVGGeneratorTest" />
    <testcase name="HandlesEmptyGeneration" file="/Users/brianglendenning/SoftwareProjects/CNC_Chip_Carving/fusion_plugin_cpp/tests/test_SVGGenerator.cpp" line="443" status="run" result="completed" time="0." timestamp="2025-07-29T18:09:13.040" classname="SVGGeneratorTest" />
    <testcase name="HandlesLargeCoordinates" file="/Users/brianglendenning/SoftwareProjects/CNC_Chip_Carving/fusion_plugin_cpp/tests/test_SVGGenerator.cpp" line="454" status="run" result="completed" time="0." timestamp="2025-07-29T18:09:13.040" classname="SVGGeneratorTest" />
    <testcase name="HandlesVerySmallCoordinates" file="/Users/brianglendenning/SoftwareProjects/CNC_Chip_Carving/fusion_plugin_cpp/tests/test_SVGGenerator.cpp" line="464" status="run" result="completed" time="0." timestamp="2025-07-29T18:09:13.040" classname="SVGGeneratorTest" />
    <testcase name="GeneratesComplexShapeComposition" file="/Users/brianglendenning/SoftwareProjects/CNC_Chip_Carving/fusion_plugin_cpp/tests/test_SVGGenerator.cpp" line="474" status="run" result="completed" time="0." timestamp="2025-07-29T18:09:13.040" classname="SVGGeneratorTest" />
  </testsuite>
  <testsuite name="CrossValidationTest" tests="7" failures="2" disabled="0" skipped="0" errors="0" time="0.005" timestamp="2025-07-29T18:09:13.040">
    <testcase name="LeafStandardShape" file="/Users/brianglendenning/SoftwareProjects/CNC_Chip_Carving/fusion_plugin_cpp/tests/cross_validation_test.cpp" line="112" status="run" result="completed" time="0.001" timestamp="2025-07-29T18:09:13.040" classname="CrossValidationTest" />
    <testcase name="LeafNearlyRoundShape" file="/Users/brianglendenning/SoftwareProjects/CNC_Chip_Carving/fusion_plugin_cpp/tests/cross_validation_test.cpp" line="173" status="run" result="completed" time="0.001" timestamp="2025-07-29T18:09:13.042" classname="CrossValidationTest" />
    <testcase name="TriArcStandardShape" file="/Users/brianglendenning/SoftwareProjects/CNC_Chip_Carving/fusion_plugin_cpp/tests/cross_validation_test.cpp" line="233" status="run" result="completed" time="0.001" timestamp="2025-07-29T18:09:13.043" classname="CrossValidationTest">
      <failure message="/Users/brianglendenning/SoftwareProjects/CNC_Chip_Carving/fusion_plugin_cpp/tests/cross_validation_test.cpp:283&#x0A;The difference between actualMin.x and expectedMinBound.x is 34.861428120084263, which exceeds geometric_epsilon, where&#x0A;actualMin.x evaluates to -34.861428120084263,&#x0A;expectedMinBound.x evaluates to 0, and&#x0A;geometric_epsilon evaluates to 1.0000000000000001e-09.&#x0A;Bounding box min X mismatch&#x0A;" type=""><![CDATA[/Users/brianglendenning/SoftwareProjects/CNC_Chip_Carving/fusion_plugin_cpp/tests/cross_validation_test.cpp:283
The difference between actualMin.x and expectedMinBound.x is 34.861428120084263, which exceeds geometric_epsilon, where
actualMin.x evaluates to -34.861428120084263,
expectedMinBound.x evaluates to 0, and
geometric_epsilon evaluates to 1.0000000000000001e-09.
Bounding box min X mismatch
]]></failure>
      <failure message="/Users/brianglendenning/SoftwareProjects/CNC_Chip_Carving/fusion_plugin_cpp/tests/cross_validation_test.cpp:285&#x0A;The difference between actualMin.y and expectedMinBound.y is 39.375, which exceeds geometric_epsilon, where&#x0A;actualMin.y evaluates to -40,&#x0A;expectedMinBound.y evaluates to -0.625, and&#x0A;geometric_epsilon evaluates to 1.0000000000000001e-09.&#x0A;Bounding box min Y mismatch&#x0A;" type=""><![CDATA[/Users/brianglendenning/SoftwareProjects/CNC_Chip_Carving/fusion_plugin_cpp/tests/cross_validation_test.cpp:285
The difference between actualMin.y and expectedMinBound.y is 39.375, which exceeds geometric_epsilon, where
actualMin.y evaluates to -40,
expectedMinBound.y evaluates to -0.625, and
geometric_epsilon evaluates to 1.0000000000000001e-09.
Bounding box min Y mismatch
]]></failure>
      <failure message="/Users/brianglendenning/SoftwareProjects/CNC_Chip_Carving/fusion_plugin_cpp/tests/cross_validation_test.cpp:287&#x0A;The difference between actualMax.x and expectedMaxBound.x is 34.86142812008427, which exceeds geometric_epsilon, where&#x0A;actualMax.x evaluates to 44.86142812008427,&#x0A;expectedMaxBound.x evaluates to 10, and&#x0A;geometric_epsilon evaluates to 1.0000000000000001e-09.&#x0A;Bounding box max X mismatch&#x0A;" type=""><![CDATA[/Users/brianglendenning/SoftwareProjects/CNC_Chip_Carving/fusion_plugin_cpp/tests/cross_validation_test.cpp:287
The difference between actualMax.x and expectedMaxBound.x is 34.86142812008427, which exceeds geometric_epsilon, where
actualMax.x evaluates to 44.86142812008427,
expectedMaxBound.x evaluates to 10, and
geometric_epsilon evaluates to 1.0000000000000001e-09.
Bounding box max X mismatch
]]></failure>
      <failure message="/Users/brianglendenning/SoftwareProjects/CNC_Chip_Carving/fusion_plugin_cpp/tests/cross_validation_test.cpp:289&#x0A;The difference between actualMax.y and expectedMaxBound.y is 25.825803120084263, which exceeds geometric_epsilon, where&#x0A;actualMax.y evaluates to 34.485803120084263,&#x0A;expectedMaxBound.y evaluates to 8.6600000000000001, and&#x0A;geometric_epsilon evaluates to 1.0000000000000001e-09.&#x0A;Bounding box max Y mismatch&#x0A;" type=""><![CDATA[/Users/brianglendenning/SoftwareProjects/CNC_Chip_Carving/fusion_plugin_cpp/tests/cross_validation_test.cpp:289
The difference between actualMax.y and expectedMaxBound.y is 25.825803120084263, which exceeds geometric_epsilon, where
actualMax.y evaluates to 34.485803120084263,
expectedMaxBound.y evaluates to 8.6600000000000001, and
geometric_epsilon evaluates to 1.0000000000000001e-09.
Bounding box max Y mismatch
]]></failure>
    </testcase>
    <testcase name="TriArcMixedCurvatures" file="/Users/brianglendenning/SoftwareProjects/CNC_Chip_Carving/fusion_plugin_cpp/tests/cross_validation_test.cpp" line="297" status="run" result="completed" time="0.001" timestamp="2025-07-29T18:09:13.045" classname="CrossValidationTest">
      <failure message="/Users/brianglendenning/SoftwareProjects/CNC_Chip_Carving/fusion_plugin_cpp/tests/cross_validation_test.cpp:347&#x0A;The difference between actualMin.x and expectedMinBound.x is 53.01021010168192, which exceeds geometric_epsilon, where&#x0A;actualMin.x evaluates to -53.01021010168192,&#x0A;expectedMinBound.x evaluates to 0, and&#x0A;geometric_epsilon evaluates to 1.0000000000000001e-09.&#x0A;Bounding box min X mismatch&#x0A;" type=""><![CDATA[/Users/brianglendenning/SoftwareProjects/CNC_Chip_Carving/fusion_plugin_cpp/tests/cross_validation_test.cpp:347
The difference between actualMin.x and expectedMinBound.x is 53.01021010168192, which exceeds geometric_epsilon, where
actualMin.x evaluates to -53.01021010168192,
expectedMinBound.x evaluates to 0, and
geometric_epsilon evaluates to 1.0000000000000001e-09.
Bounding box min X mismatch
]]></failure>
      <failure message="/Users/brianglendenning/SoftwareProjects/CNC_Chip_Carving/fusion_plugin_cpp/tests/cross_validation_test.cpp:349&#x0A;The difference between actualMin.y and expectedMinBound.y is 28.799999999999997, which exceeds geometric_epsilon, where&#x0A;actualMin.y evaluates to -29.999999999999996,&#x0A;expectedMinBound.y evaluates to -1.2, and&#x0A;geometric_epsilon evaluates to 1.0000000000000001e-09.&#x0A;Bounding box min Y mismatch&#x0A;" type=""><![CDATA[/Users/brianglendenning/SoftwareProjects/CNC_Chip_Carving/fusion_plugin_cpp/tests/cross_validation_test.cpp:349
The difference between actualMin.y and expectedMinBound.y is 28.799999999999997, which exceeds geometric_epsilon, where
actualMin.y evaluates to -29.999999999999996,
expectedMinBound.y evaluates to -1.2, and
geometric_epsilon evaluates to 1.0000000000000001e-09.
Bounding box min Y mismatch
]]></failure>
      <failure message="/Users/brianglendenning/SoftwareProjects/CNC_Chip_Carving/fusion_plugin_cpp/tests/cross_validation_test.cpp:351&#x0A;The difference between actualMax.x and expectedMaxBound.x is 108.96012005333887, which exceeds geometric_epsilon, where&#x0A;actualMax.x evaluates to 120.96012005333887,&#x0A;expectedMaxBound.x evaluates to 12, and&#x0A;geometric_epsilon evaluates to 1.0000000000000001e-09.&#x0A;Bounding box max X mismatch&#x0A;" type=""><![CDATA[/Users/brianglendenning/SoftwareProjects/CNC_Chip_Carving/fusion_plugin_cpp/tests/cross_validation_test.cpp:351
The difference between actualMax.x and expectedMaxBound.x is 108.96012005333887, which exceeds geometric_epsilon, where
actualMax.x evaluates to 120.96012005333887,
expectedMaxBound.x evaluates to 12, and
geometric_epsilon evaluates to 1.0000000000000001e-09.
Bounding box max X mismatch
]]></failure>
      <failure message="/Users/brianglendenning/SoftwareProjects/CNC_Chip_Carving/fusion_plugin_cpp/tests/cross_validation_test.cpp:353&#x0A;The difference between actualMax.y and expectedMaxBound.y is 84.869995053338883, which exceeds geometric_epsilon, where&#x0A;actualMax.y evaluates to 95.259995053338884,&#x0A;expectedMaxBound.y evaluates to 10.390000000000001, and&#x0A;geometric_epsilon evaluates to 1.0000000000000001e-09.&#x0A;Bounding box max Y mismatch&#x0A;" type=""><![CDATA[/Users/brianglendenning/SoftwareProjects/CNC_Chip_Carving/fusion_plugin_cpp/tests/cross_validation_test.cpp:353
The difference between actualMax.y and expectedMaxBound.y is 84.869995053338883, which exceeds geometric_epsilon, where
actualMax.y evaluates to 95.259995053338884,
expectedMaxBound.y evaluates to 10.390000000000001, and
geometric_epsilon evaluates to 1.0000000000000001e-09.
Bounding box max Y mismatch
]]></failure>
    </testcase>
    <testcase name="GeometryUtilityValidation" file="/Users/brianglendenning/SoftwareProjects/CNC_Chip_Carving/fusion_plugin_cpp/tests/cross_validation_test.cpp" line="360" status="run" result="completed" time="0." timestamp="2025-07-29T18:09:13.046" classname="CrossValidationTest" />
    <testcase name="SharedConstantsValidation" file="/Users/brianglendenning/SoftwareProjects/CNC_Chip_Carving/fusion_plugin_cpp/tests/cross_validation_test.cpp" line="417" status="run" result="completed" time="0." timestamp="2025-07-29T18:09:13.046" classname="CrossValidationTest" />
    <testcase name="GenerateValidationSummary" file="/Users/brianglendenning/SoftwareProjects/CNC_Chip_Carving/fusion_plugin_cpp/tests/cross_validation_test.cpp" line="432" status="run" result="completed" time="0." timestamp="2025-07-29T18:09:13.046" classname="CrossValidationTest" />
  </testsuite>
  <testsuite name="UnitConversionTest" tests="9" failures="0" disabled="0" skipped="0" errors="0" time="0." timestamp="2025-07-29T18:09:13.046">
    <testcase name="FusionLengthToMm" file="/Users/brianglendenning/SoftwareProjects/CNC_Chip_Carving/fusion_plugin_cpp/tests/utils/test_UnitConversion.cpp" line="20" status="run" result="completed" time="0." timestamp="2025-07-29T18:09:13.046" classname="UnitConversionTest" />
    <testcase name="MmToFusionLength" file="/Users/brianglendenning/SoftwareProjects/CNC_Chip_Carving/fusion_plugin_cpp/tests/utils/test_UnitConversion.cpp" line="38" status="run" result="completed" time="0." timestamp="2025-07-29T18:09:13.046" classname="UnitConversionTest" />
    <testcase name="LengthRoundTripConversion" file="/Users/brianglendenning/SoftwareProjects/CNC_Chip_Carving/fusion_plugin_cpp/tests/utils/test_UnitConversion.cpp" line="56" status="run" result="completed" time="0." timestamp="2025-07-29T18:09:13.046" classname="UnitConversionTest" />
    <testcase name="FusionAngleToDegrees" file="/Users/brianglendenning/SoftwareProjects/CNC_Chip_Carving/fusion_plugin_cpp/tests/utils/test_UnitConversion.cpp" line="74" status="run" result="completed" time="0." timestamp="2025-07-29T18:09:13.046" classname="UnitConversionTest" />
    <testcase name="DegreesToFusionAngle" file="/Users/brianglendenning/SoftwareProjects/CNC_Chip_Carving/fusion_plugin_cpp/tests/utils/test_UnitConversion.cpp" line="87" status="run" result="completed" time="0." timestamp="2025-07-29T18:09:13.046" classname="UnitConversionTest" />
    <testcase name="AngleRoundTripConversion" file="/Users/brianglendenning/SoftwareProjects/CNC_Chip_Carving/fusion_plugin_cpp/tests/utils/test_UnitConversion.cpp" line="100" status="run" result="completed" time="0." timestamp="2025-07-29T18:09:13.046" classname="UnitConversionTest" />
    <testcase name="ExtremeLengthValues" file="/Users/brianglendenning/SoftwareProjects/CNC_Chip_Carving/fusion_plugin_cpp/tests/utils/test_UnitConversion.cpp" line="122" status="run" result="completed" time="0." timestamp="2025-07-29T18:09:13.046" classname="UnitConversionTest" />
    <testcase name="ExtremeAngleValues" file="/Users/brianglendenning/SoftwareProjects/CNC_Chip_Carving/fusion_plugin_cpp/tests/utils/test_UnitConversion.cpp" line="132" status="run" result="completed" time="0." timestamp="2025-07-29T18:09:13.046" classname="UnitConversionTest" />
    <testcase name="PracticalParameterValues" file="/Users/brianglendenning/SoftwareProjects/CNC_Chip_Carving/fusion_plugin_cpp/tests/utils/test_UnitConversion.cpp" line="143" status="run" result="completed" time="0." timestamp="2025-07-29T18:09:13.046" classname="UnitConversionTest" />
  </testsuite>
</testsuites>
